Product: MDK-ARM Standard 5.10
Component: ARM Compiler 5.04 update 1 (build 49)
Tool: armlink [5040049]

==============================================================================

Section Cross References

    arm_startup_nrf51.o(STACK) refers (Special) to heapauxi.o(.text) for __use_two_region_memory
    arm_startup_nrf51.o(HEAP) refers (Special) to heapauxi.o(.text) for __use_two_region_memory
    arm_startup_nrf51.o(RESET) refers (Special) to heapauxi.o(.text) for __use_two_region_memory
    arm_startup_nrf51.o(RESET) refers to arm_startup_nrf51.o(STACK) for __initial_sp
    arm_startup_nrf51.o(RESET) refers to arm_startup_nrf51.o(.text) for Reset_Handler
    arm_startup_nrf51.o(RESET) refers to ble.o(.text) for UART0_IRQHandler
    arm_startup_nrf51.o(RESET) refers to timer.o(.text) for TIMER1_IRQHandler
    arm_startup_nrf51.o(RESET) refers to rtc0.o(.text) for RTC0_IRQHandler
    arm_startup_nrf51.o(RESET) refers to app_timer.o(.text) for RTC1_IRQHandler
    arm_startup_nrf51.o(RESET) refers to softdevice_handler.o(.text) for SWI2_IRQHandler
    arm_startup_nrf51.o(.text) refers (Special) to heapauxi.o(.text) for __use_two_region_memory
    arm_startup_nrf51.o(.text) refers to system_nrf51.o(.text) for SystemInit
    arm_startup_nrf51.o(.text) refers to __main.o(!!!main) for __main
    arm_startup_nrf51.o(.text) refers to arm_startup_nrf51.o(HEAP) for Heap_Mem
    arm_startup_nrf51.o(.text) refers to arm_startup_nrf51.o(STACK) for Stack_Mem
    system_nrf51.o(.text) refers to system_nrf51.o(.data) for SystemCoreClock
    main.o(.text) refers to main.o(.emb_text) for __asm___6_main_c_main__nrf_delay_us
    main.o(.text) refers to ble.o(.text) for leds_init
    main.o(.text) refers to led.o(.text) for LED_OFF
    main.o(.text) refers to key.o(.text) for KEY_Init
    main.o(.text) refers to adc.o(.text) for ADC_Init
    main.o(.text) refers to spi_master.o(.text) for spi_master_init
    main.o(.text) refers to ads1248.o(.text) for InitADS1248
    main.o(.text) refers to flash.o(.text) for Flash_init
    main.o(.text) refers to timer.o(.text) for timer1_init
    main.o(.text) refers to mainwork.o(.text) for MainWork
    main.o(.text) refers to main.o(.data) for Flash_SPI
    adc.o(.text) refers to fflti.o(.text) for __aeabi_ui2f
    adc.o(.text) refers to fmul.o(x$fpl$fmul) for __aeabi_fmul
    adc.o(.text) refers to fdiv.o(.text) for __aeabi_fdiv
    key.o(.text) refers to led.o(.text) for LED_ON
    key.o(.text) refers to flash.o(.text) for Flash_Sleep
    key.o(.text) refers to ads1248.o(.text) for AD_Sleep
    key.o(.text) refers to key.o(.emb_text) for __asm___5_KEY_c_KEY_Init__nrf_delay_us
    key.o(.text) refers to ble.o(.text) for app_error_handler
    key.o(.text) refers to key.o(.data) for KeyCnt
    key.o(.text) refers to main.o(.data) for Flash_SPI
    timer.o(.text) refers to timer.o(.data) for us1ms
    timer.o(.text) refers to mainwork.o(.data) for g_uiWdtCnt
    ble.o(.text) refers to app_timer.o(.text) for app_timer_init
    ble.o(.text) refers to rt_memclr.o(.text) for __aeabi_memclr4
    ble.o(.text) refers to ble_advdata.o(.text) for ble_advdata_set
    ble.o(.text) refers to blehandle.o(.text) for BLE_data_handler
    ble.o(.text) refers to ble_nus.o(.text) for ble_nus_init
    ble.o(.text) refers to ble_conn_params.o(.text) for ble_conn_params_init
    ble.o(.text) refers to rt_memcpy.o(.text) for __aeabi_memcpy
    ble.o(.text) refers to flash.o(.text) for Flash_Sleep
    ble.o(.text) refers to ads1248.o(.text) for AD_Sleep
    ble.o(.text) refers to ble.o(.emb_text) for __asm___5_BLE_c_2001d6aa__nrf_delay_us
    ble.o(.text) refers to led.o(.text) for LED_OFF
    ble.o(.text) refers to ble.o(.bss) for APP_TIMER_BUF
    ble.o(.text) refers to ble.o(.constdata) for .constdata
    ble.o(.text) refers to blehandle.o(.bss) for m_nus
    ble.o(.text) refers to ble.o(.data) for m_sec_params
    ble.o(.text) refers to main.o(.data) for Flash_SPI
    ble.o(.text) refers to softdevice_handler.o(.text) for softdevice_handler_init
    mainwork.o(.text) refers to key.o(.text) for KEY1_Manger
    mainwork.o(.text) refers to adc.o(.text) for adc_read_usb
    mainwork.o(.text) refers to led.o(.text) for LED_ON
    mainwork.o(.text) refers to flash.o(.text) for Flash_Sleep
    mainwork.o(.text) refers to ads1248.o(.text) for AD_Sleep
    mainwork.o(.text) refers to mainwork.o(.emb_text) for __asm___10_MainWork_c_474190e2__nrf_delay_us
    mainwork.o(.text) refers to ble.o(.text) for app_error_handler
    mainwork.o(.text) refers to ble_nus.o(.text) for ble_nus_send_string
    mainwork.o(.text) refers to aeabi_sdiv.o(.text) for __aeabi_idivmod
    mainwork.o(.text) refers to mainwork.o(.data) for g_uiWdtCnt
    mainwork.o(.text) refers to timer.o(.data) for timer_1ms_tick
    mainwork.o(.text) refers to main.o(.data) for Flash_SPI
    mainwork.o(.text) refers to blehandle.o(.data) for Send_i
    mainwork.o(.text) refers to mainwork.o(.bss) for readdata
[...]
    rtentry2.o(.ARM.Collect$$rtentry$$00000008) refers to boardinit2.o(.text) for _platform_post_stackheap_init
    rtentry2.o(.ARM.Collect$$rtentry$$0000000A) refers to libinit.o(.ARM.Collect$$libinit$$00000000) for __rt_lib_init
    rtentry2.o(.ARM.Collect$$rtentry$$0000000B) refers to boardinit3.o(.text) for _platform_post_lib_init
    rtentry2.o(.ARM.Collect$$rtentry$$0000000D) refers to main.o(.text) for main
    rtentry2.o(.ARM.Collect$$rtentry$$0000000D) refers to exit.o(.text) for exit
    rtentry2.o(.ARM.exidx) refers to rtentry2.o(.ARM.Collect$$rtentry$$00000001) for .ARM.Collect$$rtentry$$00000001
    rtentry2.o(.ARM.exidx) refers to rtentry2.o(.ARM.Collect$$rtentry$$00000008) for .ARM.Collect$$rtentry$$00000008
    rtentry2.o(.ARM.exidx) refers to rtentry2.o(.ARM.Collect$$rtentry$$0000000A) for .ARM.Collect$$rtentry$$0000000A
    rtentry2.o(.ARM.exidx) refers to rtentry2.o(.ARM.Collect$$rtentry$$0000000B) for .ARM.Collect$$rtentry$$0000000B
    rtentry2.o(.ARM.exidx) refers to rtentry2.o(.ARM.Collect$$rtentry$$0000000D) for .ARM.Collect$$rtentry$$0000000D
    rtentry4.o(.ARM.Collect$$rtentry$$00000004) refers to sys_stackheap_outer.o(.text) for __user_setup_stackheap
    rtentry4.o(.ARM.exidx) refers to rtentry4.o(.ARM.Collect$$rtentry$$00000004) for .ARM.Collect$$rtentry$$00000004
    rt_div0.o(.text) refers to defsig_fpe_outer.o(.text) for __rt_SIGFPE
    sys_stackheap_outer.o(.text) refers to libspace.o(.text) for __user_perproc_libspace
    sys_stackheap_outer.o(.text) refers to arm_startup_nrf51.o(.text) for __user_initial_stackheap
    sys_stackheap_outer.o(__vectab_stack_and_reset_area) refers to tempstk.o(.text) for __temporary_stack_top
    sys_stackheap_outer.o(__vectab_stack_and_reset_area) refers to __main.o(!!!main) for __main
    exit.o(.text) refers to rtexit.o(.ARM.Collect$$rtexit$$00000000) for __rt_exit
    defsig_fpe_outer.o(.text) refers to defsig_fpe_inner.o(.text) for __rt_SIGFPE_inner
    defsig_fpe_outer.o(.text) refers to defsig_exit.o(.text) for __sig_exit
    defsig_fpe_formal.o(.text) refers to rt_raise.o(.text) for __rt_raise
    libinit.o(.ARM.Collect$$libinit$$00000000) refers (Special) to libinit2.o(.ARM.Collect$$libinit$$0000002C) for __rt_lib_init_alloca_1
    libinit.o(.ARM.Collect$$libinit$$00000000) refers (Special) to libinit2.o(.ARM.Collect$$libinit$$0000002A) for __rt_lib_init_argv_1
    libinit.o(.ARM.Collect$$libinit$$00000000) refers (Special) to libinit2.o(.ARM.Collect$$libinit$$00000019) for __rt_lib_init_atexit_1
    libinit.o(.ARM.Collect$$libinit$$00000000) refers (Special) to libinit2.o(.ARM.Collect$$libinit$$0000001F) for __rt_lib_init_clock_1
    libinit.o(.ARM.Collect$$libinit$$00000000) refers (Special) to libinit2.o(.ARM.Collect$$libinit$$00000030) for __rt_lib_init_cpp_1
    libinit.o(.ARM.Collect$$libinit$$00000000) refers (Special) to libinit2.o(.ARM.Collect$$libinit$$0000002E) for __rt_lib_init_exceptions_1
    libinit.o(.ARM.Collect$$libinit$$00000000) refers (Special) to libinit2.o(.ARM.Collect$$libinit$$00000001) for __rt_lib_init_fp_1
    libinit.o(.ARM.Collect$$libinit$$00000000) refers (Special) to libinit2.o(.ARM.Collect$$libinit$$0000001D) for __rt_lib_init_fp_trap_1
    libinit.o(.ARM.Collect$$libinit$$00000000) refers (Special) to libinit2.o(.ARM.Collect$$libinit$$00000021) for __rt_lib_init_getenv_1
    libinit.o(.ARM.Collect$$libinit$$00000000) refers (Special) to libinit2.o(.ARM.Collect$$libinit$$00000008) for __rt_lib_init_heap_1
    libinit.o(.ARM.Collect$$libinit$$00000000) refers (Special) to libinit2.o(.ARM.Collect$$libinit$$0000000F) for __rt_lib_init_lc_collate_1
    libinit.o(.ARM.Collect$$libinit$$00000000) refers (Special) to libinit2.o(.ARM.Collect$$libinit$$00000011) for __rt_lib_init_lc_ctype_1
    libinit.o(.ARM.Collect$$libinit$$00000000) refers (Special) to libinit2.o(.ARM.Collect$$libinit$$00000013) for __rt_lib_init_lc_monetary_1
    libinit.o(.ARM.Collect$$libinit$$00000000) refers (Special) to libinit2.o(.ARM.Collect$$libinit$$00000015) for __rt_lib_init_lc_numeric_1
    libinit.o(.ARM.Collect$$libinit$$00000000) refers (Special) to libinit2.o(.ARM.Collect$$libinit$$00000017) for __rt_lib_init_lc_time_1
    libinit.o(.ARM.Collect$$libinit$$00000000) refers (Special) to libinit2.o(.ARM.Collect$$libinit$$0000000C) for __rt_lib_init_rand_1
    libinit.o(.ARM.Collect$$libinit$$00000000) refers (Special) to libinit2.o(.ARM.Collect$$libinit$$00000031) for __rt_lib_init_return
    libinit.o(.ARM.Collect$$libinit$$00000000) refers (Special) to libinit2.o(.ARM.Collect$$libinit$$0000001B) for __rt_lib_init_signal_1
    libinit.o(.ARM.Collect$$libinit$$00000000) refers (Special) to libinit2.o(.ARM.Collect$$libinit$$00000023) for __rt_lib_init_stdio_1
    libinit.o(.ARM.Collect$$libinit$$00000000) refers (Special) to libinit2.o(.ARM.Collect$$libinit$$0000000A) for __rt_lib_init_user_alloc_1
    libspace.o(.text) refers to libspace.o(.bss) for __libspace_start
    rtexit.o(.ARM.Collect$$rtexit$$00000000) refers (Special) to rtexit2.o(.ARM.Collect$$rtexit$$00000004) for __rt_exit_exit
    rtexit.o(.ARM.Collect$$rtexit$$00000000) refers (Special) to rtexit2.o(.ARM.Collect$$rtexit$$00000003) for __rt_exit_ls
    rtexit.o(.ARM.Collect$$rtexit$$00000000) refers (Special) to rtexit2.o(.ARM.Collect$$rtexit$$00000002) for __rt_exit_prels_1
    rtexit.o(.ARM.exidx) refers (Special) to rtexit2.o(.ARM.Collect$$rtexit$$00000004) for __rt_exit_exit
    rtexit.o(.ARM.exidx) refers (Special) to rtexit2.o(.ARM.Collect$$rtexit$$00000003) for __rt_exit_ls
    rtexit.o(.ARM.exidx) refers (Special) to rtexit2.o(.ARM.Collect$$rtexit$$00000002) for __rt_exit_prels_1
    rtexit.o(.ARM.exidx) refers to rtexit.o(.ARM.Collect$$rtexit$$00000000) for .ARM.Collect$$rtexit$$00000000
    rt_raise.o(.text) refers to __raise.o(.text) for __raise
    rt_raise.o(.text) refers to sys_exit.o(.text) for _sys_exit
    defsig_exit.o(.text) refers to sys_exit.o(.text) for _sys_exit
    defsig_fpe_inner.o(.text) refers to defsig_general.o(.text) for __default_signal_display
    libinit2.o(.ARM.Collect$$libinit$$0000000E) refers to libinit2.o(.ARM.Collect$$libinit$$0000000D) for .ARM.Collect$$libinit$$0000000D
    libinit2.o(.ARM.Collect$$libinit$$00000010) refers to libinit2.o(.ARM.Collect$$libinit$$0000000D) for .ARM.Collect$$libinit$$0000000D
    libinit2.o(.ARM.Collect$$libinit$$00000012) refers to libinit2.o(.ARM.Collect$$libinit$$0000000D) for .ARM.Collect$$libinit$$0000000D
    libinit2.o(.ARM.Collect$$libinit$$00000014) refers to libinit2.o(.ARM.Collect$$libinit$$0000000D) for .ARM.Collect$$libinit$$0000000D
    libinit2.o(.ARM.Collect$$libinit$$00000016) refers to libinit2.o(.ARM.Collect$$libinit$$0000000D) for .ARM.Collect$$libinit$$0000000D
    libinit2.o(.ARM.Collect$$libinit$$00000024) refers to argv_veneer.o(.text) for __ARM_argv_veneer
    libinit2.o(.ARM.Collect$$libinit$$00000025) refers to argv_veneer.o(.text) for __ARM_argv_veneer
    sys_exit.o(.text) refers (Special) to use_no_semi.o(.text) for __I$use$semihosting
    sys_exit.o(.text) refers (Special) to indicate_semi.o(.text) for __semihosting_library_function
    rtexit2.o(.ARM.Collect$$rtexit$$00000003) refers to libshutdown.o(.ARM.Collect$$libshutdown$$00000000) for __rt_lib_shutdown
    rtexit2.o(.ARM.Collect$$rtexit$$00000004) refers to sys_exit.o(.text) for _sys_exit
    rtexit2.o(.ARM.exidx) refers to rtexit2.o(.ARM.Collect$$rtexit$$00000001) for .ARM.Collect$$rtexit$$00000001
    rtexit2.o(.ARM.exidx) refers to rtexit2.o(.ARM.Collect$$rtexit$$00000003) for .ARM.Collect$$rtexit$$00000003
    rtexit2.o(.ARM.exidx) refers to rtexit2.o(.ARM.Collect$$rtexit$$00000004) for .ARM.Collect$$rtexit$$00000004
    __raise.o(.text) refers to defsig.o(CL$$defsig) for __default_signal_handler
    defsig_general.o(.text) refers to sys_wrch.o(.text) for _ttywrch
    sys_wrch.o(.text) refers (Special) to use_no_semi.o(.text) for __I$use$semihosting
    sys_wrch.o(.text) refers (Special) to indicate_semi.o(.text) for __semihosting_library_function
    defsig.o(CL$$defsig) refers to defsig_fpe_inner.o(.text) for __rt_SIGFPE_inner
    defsig.o(CL$$defsig) refers to defsig_rtmem_inner.o(.text) for __rt_SIGRTMEM_inner
    _get_argv_nomalloc.o(.text) refers (Special) to hrguard.o(.text) for __heap_region$guard
    _get_argv_nomalloc.o(.text) refers to defsig_rtmem_outer.o(.text) for __rt_SIGRTMEM
    _get_argv_nomalloc.o(.text) refers to sys_command.o(.text) for _sys_command_string
    libshutdown.o(.ARM.Collect$$libshutdown$$00000000) refers (Special) to libshutdown2.o(.ARM.Collect$$libshutdown$$00000006) for __rt_lib_shutdown_fp_trap_1
    libshutdown.o(.ARM.Collect$$libshutdown$$00000000) refers (Special) to libshutdown2.o(.ARM.Collect$$libshutdown$$0000000E) for __rt_lib_shutdown_heap_1
    libshutdown.o(.ARM.Collect$$libshutdown$$00000000) refers (Special) to libshutdown2.o(.ARM.Collect$$libshutdown$$0000000F) for __rt_lib_shutdown_return
    libshutdown.o(.ARM.Collect$$libshutdown$$00000000) refers (Special) to libshutdown2.o(.ARM.Collect$$libshutdown$$00000009) for __rt_lib_shutdown_signal_1
    libshutdown.o(.ARM.Collect$$libshutdown$$00000000) refers (Special) to libshutdown2.o(.ARM.Collect$$libshutdown$$00000003) for __rt_lib_shutdown_stdio_1
    libshutdown.o(.ARM.Collect$$libshutdown$$00000000) refers (Special) to libshutdown2.o(.ARM.Collect$$libshutdown$$0000000B) for __rt_lib_shutdown_user_alloc_1
    sys_command.o(.text) refers (Special) to use_no_semi.o(.text) for __I$use$semihosting
    sys_command.o(.text) refers (Special) to indicate_semi.o(.text) for __semihosting_library_function
    defsig_abrt_inner.o(.text) refers to defsig_general.o(.text) for __default_signal_display
    defsig_rtred_inner.o(.text) refers to defsig_general.o(.text) for __default_signal_display
    defsig_rtmem_inner.o(.text) refers to defsig_general.o(.text) for __default_signal_display
    defsig_rtmem_outer.o(.text) refers to defsig_rtmem_inner.o(.text) for __rt_SIGRTMEM_inner
    defsig_rtmem_outer.o(.text) refers to defsig_exit.o(.text) for __sig_exit
    defsig_rtmem_formal.o(.text) refers to rt_raise.o(.text) for __rt_raise
    defsig_stak_inner.o(.text) refers to defsig_general.o(.text) for __default_signal_display
    defsig_pvfn_inner.o(.text) refers to defsig_general.o(.text) for __default_signal_display
    defsig_cppl_inner.o(.text) refers to defsig_general.o(.text) for __default_signal_display
    defsig_segv_inner.o(.text) refers to defsig_general.o(.text) for __default_signal_display
    defsig_other.o(.text) refers to defsig_general.o(.text) for __default_signal_display


==============================================================================

Removing Unused input sections from the image.

    Removing system_nrf51.o(.rev16_text), (4 bytes).
    Removing system_nrf51.o(.revsh_text), (4 bytes).
    Removing main.o(.rev16_text), (4 bytes).
    Removing main.o(.revsh_text), (4 bytes).
    Removing led.o(.rev16_text), (4 bytes).
    Removing led.o(.revsh_text), (4 bytes).
    Removing led.o(.emb_text), (30 bytes).
    Removing adc.o(.rev16_text), (4 bytes).
    Removing adc.o(.revsh_text), (4 bytes).
    Removing adc.o(.emb_text), (30 bytes).
    Removing key.o(.rev16_text), (4 bytes).
    Removing key.o(.revsh_text), (4 bytes).
    Removing rtc0.o(.rev16_text), (4 bytes).
    Removing rtc0.o(.revsh_text), (4 bytes).
    Removing rtc0.o(.emb_text), (30 bytes).
    Removing spi_master.o(.rev16_text), (4 bytes).
    Removing spi_master.o(.revsh_text), (4 bytes).
    Removing spi_master.o(.emb_text), (30 bytes).
    Removing timer.o(.rev16_text), (4 bytes).
    Removing timer.o(.revsh_text), (4 bytes).
    Removing timer.o(.emb_text), (30 bytes).
    Removing ble.o(.rev16_text), (4 bytes).
    Removing ble.o(.revsh_text), (4 bytes).
    Removing mainwork.o(.rev16_text), (4 bytes).
    Removing mainwork.o(.revsh_text), (4 bytes).
    Removing crc16.o(.rev16_text), (4 bytes).
    Removing crc16.o(.revsh_text), (4 bytes).
    Removing crc16.o(.text), (204 bytes).
    Removing crc16.o(.constdata), (32 bytes).
    Removing crc16.o(.data), (4 bytes).
    Removing blehandle.o(.rev16_text), (4 bytes).
    Removing blehandle.o(.revsh_text), (4 bytes).
    Removing blehandle.o(.emb_text), (30 bytes).
    Removing ads1248.o(.rev16_text), (4 bytes).
    Removing ads1248.o(.revsh_text), (4 bytes).
    Removing flash.o(.rev16_text), (4 bytes).
    Removing flash.o(.revsh_text), (4 bytes).
    Removing ble_nus.o(.rev16_text), (4 bytes).
    Removing ble_nus.o(.revsh_text), (4 bytes).
    Removing ble_srv_common.o(.rev16_text), (4 bytes).
    Removing ble_srv_common.o(.revsh_text), (4 bytes).
    Removing ble_srv_common.o(.text), (136 bytes).
    Removing ble_advdata.o(.rev16_text), (4 bytes).
    Removing ble_advdata.o(.revsh_text), (4 bytes).
    Removing ble_conn_params.o(.rev16_text), (4 bytes).
    Removing ble_conn_params.o(.revsh_text), (4 bytes).
    Removing softdevice_handler.o(.rev16_text), (4 bytes).
    Removing softdevice_handler.o(.revsh_text), (4 bytes).
    Removing simple_uart.o(.rev16_text), (4 bytes).
    Removing simple_uart.o(.revsh_text), (4 bytes).
    Removing app_timer.o(.rev16_text), (4 bytes).
    Removing app_timer.o(.revsh_text), (4 bytes).

52 unused section(s) (total 724 bytes) removed from the image.

==============================================================================

Image Symbol Table

    Local Symbols

    Symbol Name                              Value     Ov Type        Size  Object(Section)

    ../clib/angel/boardlib.s                 0x00000000   Number         0  boardinit3.o ABSOLUTE
    ../clib/angel/boardlib.s                 0x00000000   Number         0  boardinit2.o ABSOLUTE
    ../clib/angel/boardlib.s                 0x00000000   Number         0  boardinit1.o ABSOLUTE
    ../clib/angel/boardlib.s                 0x00000000   Number         0  boardshut.o ABSOLUTE
    ../clib/angel/handlers.s                 0x00000000   Number         0  __scatter_zi.o ABSOLUTE
    ../clib/angel/handlers.s                 0x00000000   Number         0  __scatter_copy.o ABSOLUTE
    ../clib/angel/kernel.s                   0x00000000   Number         0  rtexit.o ABSOLUTE
    ../clib/angel/kernel.s                   0x00000000   Number         0  rtentry4.o ABSOLUTE
    ../clib/angel/kernel.s                   0x00000000   Number         0  rtentry2.o ABSOLUTE
    ../clib/angel/kernel.s                   0x00000000   Number         0  rtentry.o ABSOLUTE
    ../clib/angel/kernel.s                   0x00000000   Number         0  rtexit2.o ABSOLUTE
    ../clib/angel/rt.s                       0x00000000   Number         0  rt_div0.o ABSOLUTE
    ../clib/angel/rt.s                       0x00000000   Number         0  aeabi_idiv0_sigfpe.o ABSOLUTE
    ../clib/angel/rt.s                       0x00000000   Number         0  aeabi_idiv0.o ABSOLUTE
    ../clib/angel/rt.s                       0x00000000   Number         0  rt_raise.o ABSOLUTE
    ../clib/angel/scatterp.s                 0x00000000   Number         0  __scatter.o ABSOLUTE
    ../clib/angel/startup.s                  0x00000000   Number         0  __main.o ABSOLUTE
    ../clib/angel/sys.s                      0x00000000   Number         0  indicate_semi.o ABSOLUTE
    ../clib/angel/sys.s                      0x00000000   Number         0  use_no_semi.o ABSOLUTE
    ../clib/angel/sys.s                      0x00000000   Number         0  tempstk.o ABSOLUTE
    ../clib/angel/sys.s                      0x00000000   Number         0  libspace.o ABSOLUTE
    ../clib/angel/sys.s                      0x00000000   Number         0  sys_stackheap_outer.o ABSOLUTE
    ../clib/angel/sysapp.c                   0x00000000   Number         0  sys_wrch.o ABSOLUTE
    ../clib/angel/sysapp.c                   0x00000000   Number         0  sys_exit.o ABSOLUTE
    ../clib/angel/sysapp.c                   0x00000000   Number         0  sys_command.o ABSOLUTE
    ../clib/armsys.c                         0x00000000   Number         0  argv_veneer.o ABSOLUTE
    ../clib/armsys.c                         0x00000000   Number         0  _get_argv_nomalloc.o ABSOLUTE
    ../clib/armsys.c                         0x00000000   Number         0  no_argv.o ABSOLUTE
    ../clib/division.s                       0x00000000   Number         0  aeabi_sdiv_div0.o ABSOLUTE
    ../clib/division.s                       0x00000000   Number         0  aeabi_sdiv.o ABSOLUTE
    ../clib/heapalloc.c                      0x00000000   Number         0  hrguard.o ABSOLUTE
    ../clib/heapaux.c                        0x00000000   Number         0  heapauxi.o ABSOLUTE
    ../clib/libinit.s                        0x00000000   Number         0  libshutdown2.o ABSOLUTE
    ../clib/libinit.s                        0x00000000   Number         0  libinit2.o ABSOLUTE
    ../clib/libinit.s                        0x00000000   Number         0  libshutdown.o ABSOLUTE
    ../clib/libinit.s                        0x00000000   Number         0  libinit.o ABSOLUTE
    ../clib/memcpset.c                       0x00000000   Number         0  rt_memcpy.o ABSOLUTE
    ../clib/memcpset.c                       0x00000000   Number         0  rt_memclr.o ABSOLUTE
    ../clib/memcpset.c                       0x00000000   Number         0  rt_memcpy.o ABSOLUTE
    ../clib/signal.c                         0x00000000   Number         0  defsig_cppl_inner.o ABSOLUTE
    ../clib/signal.c                         0x00000000   Number         0  defsig_segv_inner.o ABSOLUTE
    ../clib/signal.c                         0x00000000   Number         0  defsig_other.o ABSOLUTE
    ../clib/signal.c                         0x00000000   Number         0  defsig_general.o ABSOLUTE
    ../clib/signal.c                         0x00000000   Number         0  defsig_rtmem_outer.o ABSOLUTE
    ../clib/signal.c                         0x00000000   Number         0  __raise.o ABSOLUTE
    ../clib/signal.c                         0x00000000   Number         0  defsig_fpe_inner.o ABSOLUTE
    ../clib/signal.c                         0x00000000   Number         0  defsig_fpe_formal.o ABSOLUTE
    ../clib/signal.c                         0x00000000   Number         0  defsig_fpe_outer.o ABSOLUTE
    ../clib/signal.c                         0x00000000   Number         0  defsig_exit.o ABSOLUTE
    ../clib/signal.c                         0x00000000   Number         0  defsig_abrt_inner.o ABSOLUTE
    ../clib/signal.c                         0x00000000   Number         0  defsig_rtred_inner.o ABSOLUTE
    ../clib/signal.c                         0x00000000   Number         0  defsig_rtmem_inner.o ABSOLUTE
    ../clib/signal.c                         0x00000000   Number         0  defsig_rtmem_formal.o ABSOLUTE
    ../clib/signal.c                         0x00000000   Number         0  defsig_stak_inner.o ABSOLUTE
    ../clib/signal.c                         0x00000000   Number         0  defsig_pvfn_inner.o ABSOLUTE
    ../clib/signal.s                         0x00000000   Number         0  defsig.o ABSOLUTE
    ../clib/stdlib.c                         0x00000000   Number         0  exit.o ABSOLUTE
    ../clib/string.c                         0x00000000   Number         0  strlen.o ABSOLUTE
    ../fplib/cfplib/fdiv.c                   0x00000000   Number         0  fdiv.o ABSOLUTE
    ../fplib/cfplib/fflt.c                   0x00000000   Number         0  fflti.o ABSOLUTE
    ../fplib/cfplib/fpinit.c                 0x00000000   Number         0  fpinit.o ABSOLUTE
    ../fplib/fmul6m.s                        0x00000000   Number         0  fmul.o ABSOLUTE
    ../fplib/usenofp.s                       0x00000000   Number         0  usenofp.o ABSOLUTE
    ..\..\..\..\..\Source\app_common\app_timer.c 0x00000000   Number         0  app_timer.o ABSOLUTE
    ..\..\..\..\..\Source\ble\ble_advdata.c  0x00000000   Number         0  ble_advdata.o ABSOLUTE
    ..\..\..\..\..\Source\ble\ble_conn_params.c 0x00000000   Number         0  ble_conn_params.o ABSOLUTE
    ..\..\..\..\..\Source\ble\ble_services\ble_srv_common.c 0x00000000   Number         0  ble_srv_common.o ABSOLUTE
    ..\..\..\..\..\Source\sd_common\softdevice_handler.c 0x00000000   Number         0  softdevice_handler.o ABSOLUTE
    ..\..\..\..\..\Source\simple_uart\simple_uart.c 0x00000000   Number         0  simple_uart.o ABSOLUTE
    ..\..\..\..\..\Source\templates\arm\arm_startup_nrf51.s 0x00000000   Number         0  arm_startup_nrf51.o ABSOLUTE
    ..\..\..\..\..\Source\templates\system_nrf51.c 0x00000000   Number         0  system_nrf51.o ABSOLUTE
    ..\..\Main_Project\arm\LED.c             0x00000000   Number         0  led.o ABSOLUTE
    ..\\..\\..\\..\\..\\Source\\app_common\\app_timer.c 0x00000000   Number         0  app_timer.o ABSOLUTE
    ..\\..\\..\\..\\..\\Source\\ble\\ble_advdata.c 0x00000000   Number         0  ble_advdata.o ABSOLUTE
    ..\\..\\..\\..\\..\\Source\\ble\\ble_conn_params.c 0x00000000   Number         0  ble_conn_params.o ABSOLUTE
    ..\\..\\..\\..\\..\\Source\\ble\\ble_services\\ble_srv_common.c 0x00000000   Number         0  ble_srv_common.o ABSOLUTE
    ..\\..\\..\\..\\..\\Source\\sd_common\\softdevice_handler.c 0x00000000   Number         0  softdevice_handler.o ABSOLUTE
    ..\\..\\..\\..\\..\\Source\\simple_uart\\simple_uart.c 0x00000000   Number         0  simple_uart.o ABSOLUTE
    ..\\..\\..\\..\\..\\Source\\templates\\system_nrf51.c 0x00000000   Number         0  system_nrf51.o ABSOLUTE
    ..\\..\\Main_Project\\arm\\LED.c         0x00000000   Number         0  led.o ABSOLUTE
    ..\\ble_nus.c                            0x00000000   Number         0  ble_nus.o ABSOLUTE
    ..\\main.c                               0x00000000   Number         0  main.o ABSOLUTE
    ..\ble_nus.c                             0x00000000   Number         0  ble_nus.o ABSOLUTE
    ..\main.c                                0x00000000   Number         0  main.o ABSOLUTE
    ADC.c                                    0x00000000   Number         0  adc.o ABSOLUTE
    ADC.c                                    0x00000000   Number         0  adc.o ABSOLUTE
    ADS1248.c                                0x00000000   Number         0  ads1248.o ABSOLUTE
    ADS1248.c                                0x00000000   Number         0  ads1248.o ABSOLUTE
    BLE.c                                    0x00000000   Number         0  ble.o ABSOLUTE
    BLE.c                                    0x00000000   Number         0  ble.o ABSOLUTE
    BLEhandle.c                              0x00000000   Number         0  blehandle.o ABSOLUTE
    BLEhandle.c                              0x00000000   Number         0  blehandle.o ABSOLUTE
    CRC16.c                                  0x00000000   Number         0  crc16.o ABSOLUTE
    CRC16.c                                  0x00000000   Number         0  crc16.o ABSOLUTE
    FLASH.c                                  0x00000000   Number         0  flash.o ABSOLUTE
    FLASH.c                                  0x00000000   Number         0  flash.o ABSOLUTE
    KEY.c                                    0x00000000   Number         0  key.o ABSOLUTE
    KEY.c                                    0x00000000   Number         0  key.o ABSOLUTE
    MainWork.c                               0x00000000   Number         0  mainwork.o ABSOLUTE
    MainWork.c                               0x00000000   Number         0  mainwork.o ABSOLUTE
    RTC0.c                                   0x00000000   Number         0  rtc0.o ABSOLUTE
    RTC0.c                                   0x00000000   Number         0  rtc0.o ABSOLUTE
    TIMER.c                                  0x00000000   Number         0  timer.o ABSOLUTE
    TIMER.c                                  0x00000000   Number         0  timer.o ABSOLUTE
    dc.s                                     0x00000000   Number         0  dc.o ABSOLUTE
    spi_master.c                             0x00000000   Number         0  spi_master.o ABSOLUTE
    spi_master.c                             0x00000000   Number         0  spi_master.o ABSOLUTE
    RESET                                    0x00014000   Section      192  arm_startup_nrf51.o(RESET)
    !!!main                                  0x000140c0   Section        8  __main.o(!!!main)
    !!!scatter                               0x000140c8   Section       60  __scatter.o(!!!scatter)
    !!handler_copy                           0x00014104   Section       26  __scatter_copy.o(!!handler_copy)
    !!handler_zi                             0x00014120   Section       28  __scatter_zi.o(!!handler_zi)
    .ARM.Collect$$libinit$$00000000          0x0001413c   Section        2  libinit.o(.ARM.Collect$$libinit$$00000000)
    .ARM.Collect$$libinit$$00000001          0x0001413e   Section        4  libinit2.o(.ARM.Collect$$libinit$$00000001)
    .ARM.Collect$$libinit$$00000008          0x00014142   Section        0  libinit2.o(.ARM.Collect$$libinit$$00000008)
    .ARM.Collect$$libinit$$0000000A          0x00014142   Section        0  libinit2.o(.ARM.Collect$$libinit$$0000000A)
    .ARM.Collect$$libinit$$0000000C          0x00014142   Section        0  libinit2.o(.ARM.Collect$$libinit$$0000000C)
    .ARM.Collect$$libinit$$0000000F          0x00014142   Section        0  libinit2.o(.ARM.Collect$$libinit$$0000000F)
    .ARM.Collect$$libinit$$00000011          0x00014142   Section        0  libinit2.o(.ARM.Collect$$libinit$$00000011)
    .ARM.Collect$$libinit$$00000013          0x00014142   Section        0  libinit2.o(.ARM.Collect$$libinit$$00000013)
    .ARM.Collect$$libinit$$00000015          0x00014142   Section        0  libinit2.o(.ARM.Collect$$libinit$$00000015)
    .ARM.Collect$$libinit$$00000017          0x00014142   Section        0  libinit2.o(.ARM.Collect$$libinit$$00000017)
    .ARM.Collect$$libinit$$00000019          0x00014142   Section        0  libinit2.o(.ARM.Collect$$libinit$$00000019)
    .ARM.Collect$$libinit$$0000001B          0x00014142   Section        0  libinit2.o(.ARM.Collect$$libinit$$0000001B)
    .ARM.Collect$$libinit$$0000001D          0x00014142   Section        0  libinit2.o(.ARM.Collect$$libinit$$0000001D)
    .ARM.Collect$$libinit$$0000001F          0x00014142   Section        0  libinit2.o(.ARM.Collect$$libinit$$0000001F)
    .ARM.Collect$$libinit$$00000021          0x00014142   Section        0  libinit2.o(.ARM.Collect$$libinit$$00000021)
    .ARM.Collect$$libinit$$00000023          0x00014142   Section        0  libinit2.o(.ARM.Collect$$libinit$$00000023)
    .ARM.Collect$$libinit$$0000002A          0x00014142   Section        0  libinit2.o(.ARM.Collect$$libinit$$0000002A)
    .ARM.Collect$$libinit$$0000002C          0x00014142   Section        0  libinit2.o(.ARM.Collect$$libinit$$0000002C)
    .ARM.Collect$$libinit$$0000002E          0x00014142   Section        0  libinit2.o(.ARM.Collect$$libinit$$0000002E)
    .ARM.Collect$$libinit$$00000030          0x00014142   Section        0  libinit2.o(.ARM.Collect$$libinit$$00000030)
    .ARM.Collect$$libinit$$00000031          0x00014142   Section        2  libinit2.o(.ARM.Collect$$libinit$$00000031)
    .ARM.Collect$$libshutdown$$00000000      0x00014144   Section        2  libshutdown.o(.ARM.Collect$$libshutdown$$00000000)
    .ARM.Collect$$libshutdown$$00000003      0x00014146   Section        0  libshutdown2.o(.ARM.Collect$$libshutdown$$00000003)
    .ARM.Collect$$libshutdown$$00000006      0x00014146   Section        0  libshutdown2.o(.ARM.Collect$$libshutdown$$00000006)
    .ARM.Collect$$libshutdown$$00000009      0x00014146   Section        0  libshutdown2.o(.ARM.Collect$$libshutdown$$00000009)
    .ARM.Collect$$libshutdown$$0000000B      0x00014146   Section        0  libshutdown2.o(.ARM.Collect$$libshutdown$$0000000B)
    .ARM.Collect$$libshutdown$$0000000E      0x00014146   Section        0  libshutdown2.o(.ARM.Collect$$libshutdown$$0000000E)
    .ARM.Collect$$libshutdown$$0000000F      0x00014146   Section        2  libshutdown2.o(.ARM.Collect$$libshutdown$$0000000F)
    .ARM.Collect$$rtentry$$00000000          0x00014148   Section        0  rtentry.o(.ARM.Collect$$rtentry$$00000000)
    .ARM.Collect$$rtentry$$00000002          0x00014148   Section        0  rtentry2.o(.ARM.Collect$$rtentry$$00000002)
    .ARM.Collect$$rtentry$$00000004          0x00014148   Section        6  rtentry4.o(.ARM.Collect$$rtentry$$00000004)
    .ARM.Collect$$rtentry$$00000009          0x0001414e   Section        0  rtentry2.o(.ARM.Collect$$rtentry$$00000009)
    .ARM.Collect$$rtentry$$0000000A          0x0001414e   Section        4  rtentry2.o(.ARM.Collect$$rtentry$$0000000A)
    .ARM.Collect$$rtentry$$0000000C          0x00014152   Section        0  rtentry2.o(.ARM.Collect$$rtentry$$0000000C)
    .ARM.Collect$$rtentry$$0000000D          0x00014152   Section        8  rtentry2.o(.ARM.Collect$$rtentry$$0000000D)
    .ARM.Collect$$rtexit$$00000000           0x0001415a   Section        2  rtexit.o(.ARM.Collect$$rtexit$$00000000)
    .ARM.Collect$$rtexit$$00000002           0x0001415c   Section        0  rtexit2.o(.ARM.Collect$$rtexit$$00000002)
    .ARM.Collect$$rtexit$$00000003           0x0001415c   Section        4  rtexit2.o(.ARM.Collect$$rtexit$$00000003)
    .ARM.Collect$$rtexit$$00000004           0x00014160   Section        6  rtexit2.o(.ARM.Collect$$rtexit$$00000004)
    .emb_text                                0x00014168   Section       30  main.o(.emb_text)
    .emb_text                                0x00014188   Section       30  key.o(.emb_text)
    .emb_text                                0x000141a8   Section       30  ble.o(.emb_text)
    .emb_text                                0x000141c8   Section       30  mainwork.o(.emb_text)
    .emb_text                                0x000141e8   Section       30  ads1248.o(.emb_text)
    .emb_text                                0x00014208   Section       30  simple_uart.o(.emb_text)
    .emb_text                                0x00014228   Section       30  app_timer.o(.emb_text)
    .emb_text                                0x00014248   Section       56  rt_memcpy.o(.emb_text)
    .text                                    0x00014280   Section       72  arm_startup_nrf51.o(.text)
    .text                                    0x000142c8   Section        0  system_nrf51.o(.text)
    is_disabled_in_debug_needed              0x000142d1   Thumb Code    52  system_nrf51.o(.text)
    is_manual_peripheral_setup_needed        0x00014305   Thumb Code   104  system_nrf51.o(.text)
    .text                                    0x000143b0   Section        0  main.o(.text)
    nrf_gpio_cfg_output                      0x0001448b   Thumb Code    18  main.o(.text)
    nrf_gpio_pin_clear                       0x0001449d   Thumb Code    10  main.o(.text)
    .text                                    0x000144c0   Section        0  led.o(.text)
    .text                                    0x00014504   Section        0  adc.o(.text)
    NVIC_SetPriority                         0x000145f5   Thumb Code   110  adc.o(.text)
    .text                                    0x00014684   Section        0  key.o(.text)
    nrf_gpio_cfg_sense_input                 0x00014685   Thumb Code    24  key.o(.text)
    nrf_gpio_cfg_input                       0x000147a1   Thumb Code    20  key.o(.text)
    nrf_gpio_pin_clear                       0x000147b5   Thumb Code    10  key.o(.text)
    .text                                    0x000147e0   Section        0  rtc0.o(.text)
    nrf_gpio_pin_write                       0x000147e1   Thumb Code    34  rtc0.o(.text)
    lfclk_config                             0x00014803   Thumb Code    36  rtc0.o(.text)
    rtc_config                               0x00014827   Thumb Code    52  rtc0.o(.text)
    gpio_config                              0x0001485b   Thumb Code    32  rtc0.o(.text)
    nrf_gpio_cfg_output                      0x00014893   Thumb Code    18  rtc0.o(.text)
    .text                                    0x000148c4   Section        0  spi_master.o(.text)
    nrf_gpio_cfg_output                      0x00014a3d   Thumb Code    18  spi_master.o(.text)
    nrf_gpio_cfg_input                       0x00014a4f   Thumb Code    20  spi_master.o(.text)
    nrf_gpio_pin_set                         0x00014a63   Thumb Code    10  spi_master.o(.text)
    .text                                    0x00014a78   Section        0  timer.o(.text)
    .text                                    0x00014b84   Section        0  ble.o(.text)
    nrf_gpio_cfg_sense_input                 0x00014b85   Thumb Code    24  ble.o(.text)
    nrf_gpio_cfg_output                      0x000150e3   Thumb Code    18  ble.o(.text)
    nrf_gpio_pin_set                         0x000150f5   Thumb Code    10  ble.o(.text)
    nrf_gpio_pin_clear                       0x000150ff   Thumb Code    10  ble.o(.text)
    .text                                    0x00015124   Section        0  mainwork.o(.text)
    nrf_gpio_pin_clear                       0x000157c3   Thumb Code    10  mainwork.o(.text)
    .text                                    0x00015844   Section        0  blehandle.o(.text)
    nrf_gpio_pin_set                         0x00015b9d   Thumb Code    10  blehandle.o(.text)
    nrf_gpio_pin_clear                       0x00015ba7   Thumb Code    10  blehandle.o(.text)
    .text                                    0x00015c28   Section        0  ads1248.o(.text)
    nrf_gpio_cfg_output                      0x00015ef5   Thumb Code    18  ads1248.o(.text)
    nrf_gpio_cfg_input                       0x00015f07   Thumb Code    20  ads1248.o(.text)
    nrf_gpio_pin_set                         0x00015f1b   Thumb Code    10  ads1248.o(.text)
    nrf_gpio_pin_clear                       0x00015f25   Thumb Code    10  ads1248.o(.text)
    nrf_gpio_pin_write                       0x00015f2f   Thumb Code    26  ads1248.o(.text)
    .text                                    0x00015f54   Section        0  flash.o(.text)
    nrf_gpio_pin_write                       0x00015f55   Thumb Code    34  flash.o(.text)
    nrf_gpio_cfg_output                      0x00016781   Thumb Code    18  flash.o(.text)
    .text                                    0x000167ac   Section        0  ble_nus.o(.text)
    on_connect                               0x000167ad   Thumb Code     6  ble_nus.o(.text)
    on_disconnect                            0x000167b3   Thumb Code     8  ble_nus.o(.text)
    on_write                                 0x000167bb   Thumb Code    84  ble_nus.o(.text)
    rx_char_add                              0x0001680f   Thumb Code   292  ble_nus.o(.text)
    tx_char_add                              0x00016933   Thumb Code   222  ble_nus.o(.text)
    .text                                    0x00016b34   Section        0  ble_advdata.o(.text)
    name_encode                              0x00016b35   Thumb Code   150  ble_advdata.o(.text)
    appearance_encode                        0x00016bcb   Thumb Code    74  ble_advdata.o(.text)
    uint8_array_encode                       0x00016c15   Thumb Code    82  ble_advdata.o(.text)
    tx_power_level_encode                    0x00016c67   Thumb Code    48  ble_advdata.o(.text)
    uuid_list_sized_encode                   0x00016c97   Thumb Code   196  ble_advdata.o(.text)
    uuid_list_encode                         0x00016d5b   Thumb Code    64  ble_advdata.o(.text)
    conn_int_check                           0x00016d9b   Thumb Code    88  ble_advdata.o(.text)
    conn_int_encode                          0x00016df3   Thumb Code    92  ble_advdata.o(.text)
    manuf_specific_data_encode               0x00016e4f   Thumb Code   106  ble_advdata.o(.text)
    service_data_encode                      0x00016eb9   Thumb Code   140  ble_advdata.o(.text)
    adv_data_encode                          0x00016f45   Thumb Code   304  ble_advdata.o(.text)
    advdata_check                            0x00017075   Thumb Code    34  ble_advdata.o(.text)
    srdata_check                             0x00017097   Thumb Code    16  ble_advdata.o(.text)
    uint16_encode                            0x00017121   Thumb Code    18  ble_advdata.o(.text)
    .text                                    0x00017138   Section        0  ble_conn_params.o(.text)
    is_conn_params_ok                        0x00017139   Thumb Code    30  ble_conn_params.o(.text)
    update_timeout_handler                   0x00017157   Thumb Code   136  ble_conn_params.o(.text)
    conn_params_negotiation                  0x00017245   Thumb Code   126  ble_conn_params.o(.text)
    on_connect                               0x000172c3   Thumb Code    42  ble_conn_params.o(.text)
    on_disconnect                            0x000172ed   Thumb Code    50  ble_conn_params.o(.text)
    on_write                                 0x0001731f   Thumb Code    84  ble_conn_params.o(.text)
    on_conn_params_update                    0x00017373   Thumb Code    20  ble_conn_params.o(.text)
    .text                                    0x00017440   Section        0  softdevice_handler.o(.text)
    .text                                    0x00017614   Section        0  simple_uart.o(.text)
    nrf_gpio_cfg_output                      0x000176fb   Thumb Code    18  simple_uart.o(.text)
    nrf_gpio_cfg_input                       0x0001770d   Thumb Code    20  simple_uart.o(.text)
    .text                                    0x00017730   Section        0  app_timer.o(.text)
    NVIC_SetPriority                         0x00017731   Thumb Code   110  app_timer.o(.text)
    rtc1_init                                0x0001779f   Thumb Code    18  app_timer.o(.text)
    rtc1_start                               0x000177b1   Thumb Code    42  app_timer.o(.text)
    rtc1_stop                                0x000177db   Thumb Code    44  app_timer.o(.text)
    timer_list_insert                        0x00017807   Thumb Code   212  app_timer.o(.text)
    timer_list_remove                        0x000178db   Thumb Code   156  app_timer.o(.text)
    timer_timeouts_check_sched               0x00017977   Thumb Code    10  app_timer.o(.text)
    timer_list_handler_sched                 0x00017981   Thumb Code    10  app_timer.o(.text)
    timeout_handler_exec                     0x0001798b   Thumb Code    60  app_timer.o(.text)
    timer_timeouts_check                     0x000179c7   Thumb Code   132  app_timer.o(.text)
    elapsed_ticks_acquire                    0x00017a4b   Thumb Code    82  app_timer.o(.text)
    list_deletions_handler                   0x00017a9d   Thumb Code   280  app_timer.o(.text)
    expired_timers_handler                   0x00017bb5   Thumb Code   100  app_timer.o(.text)
    list_insertions_handler                  0x00017c19   Thumb Code   264  app_timer.o(.text)
    compare_reg_update                       0x00017d21   Thumb Code   128  app_timer.o(.text)
    timer_list_handler                       0x00017da1   Thumb Code    70  app_timer.o(.text)
    user_op_enque                            0x00017de7   Thumb Code     4  app_timer.o(.text)
    user_op_alloc                            0x00017deb   Thumb Code    44  app_timer.o(.text)
    timer_start_op_schedule                  0x00017e17   Thumb Code    80  app_timer.o(.text)
    timer_stop_op_schedule                   0x00017e67   Thumb Code    58  app_timer.o(.text)
    timer_stop_all_op_schedule               0x00017ea1   Thumb Code    58  app_timer.o(.text)
    user_id_get                              0x0001807b   Thumb Code    34  app_timer.o(.text)
    NVIC_EnableIRQ                           0x00018179   Thumb Code    14  app_timer.o(.text)
    NVIC_SetPendingIRQ                       0x00018187   Thumb Code    14  app_timer.o(.text)
    NVIC_ClearPendingIRQ                     0x00018195   Thumb Code    16  app_timer.o(.text)
    current_int_priority_get                 0x000181a5   Thumb Code    84  app_timer.o(.text)
    rtc1_counter_get                         0x000181f9   Thumb Code     6  app_timer.o(.text)
    ticks_diff_get                           0x000181ff   Thumb Code    10  app_timer.o(.text)
    .text                                    0x00018234   Section        0  rt_memcpy.o(.text)
    .text                                    0x000182b6   Section        0  rt_memclr.o(.text)
    .text                                    0x000182f6   Section      346  aeabi_sdiv.o(.text)
    .text                                    0x00018450   Section        0  heapauxi.o(.text)
    .text                                    0x00018458   Section        0  fdiv.o(.text)
    .text                                    0x000185b8   Section        0  fflti.o(.text)
    .text                                    0x00018616   Section       62  sys_stackheap_outer.o(.text)
    .text                                    0x00018654   Section        0  exit.o(.text)
    .text                                    0x00018660   Section        8  libspace.o(.text)
    .text                                    0x00018668   Section        0  sys_exit.o(.text)
    .text                                    0x00018674   Section        2  use_no_semi.o(.text)
    .text                                    0x00018676   Section        0  indicate_semi.o(.text)
    x$fpl$fmul                               0x00018678   Section      176  fmul.o(x$fpl$fmul)
    .constdata                               0x00018728   Section        4  ble.o(.constdata)
    x$fpl$usenofp                            0x00018728   Section        0  usenofp.o(x$fpl$usenofp)
    .constdata                               0x0001872c   Section       16  ble_nus.o(.constdata)
    .constdata                               0x0001873c   Section       64  fdiv.o(.constdata)
    fdiv_tab                                 0x0001873c   Data          64  fdiv.o(.constdata)
    .data                                    0x20002000   Section        4  system_nrf51.o(.data)
    __tagsym$$used                           0x20002000   Number         0  system_nrf51.o(.data)
    .data                                    0x20002004   Section        8  main.o(.data)
    .data                                    0x2000200c   Section        4  key.o(.data)
    KeyCnt                                   0x2000200c   Data           4  key.o(.data)
    .data                                    0x20002010   Section        8  timer.o(.data)
    usWDTMs                                  0x20002014   Data           2  timer.o(.data)
    us1ms                                    0x20002016   Data           2  timer.o(.data)
    .data                                    0x20002018   Section       12  ble.o(.data)
    m_sec_params                             0x20002018   Data           6  ble.o(.data)
    m_conn_handle                            0x2000201e   Data           2  ble.o(.data)
    .data                                    0x20002024   Section      120  mainwork.o(.data)
    uiLast1msTick                            0x20002098   Data           4  mainwork.o(.data)
    .data                                    0x2000209c   Section       23  blehandle.o(.data)
    .data                                    0x200020b4   Section       11  flash.o(.data)
    .data                                    0x200020c0   Section       25  ble_conn_params.o(.data)
    m_preferred_conn_params                  0x200020c0   Data           8  ble_conn_params.o(.data)
    m_update_count                           0x200020c8   Data           1  ble_conn_params.o(.data)
    m_conn_handle                            0x200020ca   Data           2  ble_conn_params.o(.data)
    m_current_conn_params                    0x200020cc   Data           8  ble_conn_params.o(.data)
    m_conn_params_timer_id                   0x200020d4   Data           4  ble_conn_params.o(.data)
    m_change_param                           0x200020d8   Data           1  ble_conn_params.o(.data)
    .data                                    0x200020dc   Section       20  softdevice_handler.o(.data)
    m_evt_schedule_func                      0x200020dc   Data           4  softdevice_handler.o(.data)
    m_evt_buffer                             0x200020e0   Data           4  softdevice_handler.o(.data)
    m_ble_evt_buffer_size                    0x200020e4   Data           2  softdevice_handler.o(.data)
    m_softdevice_enabled                     0x200020e6   Data           1  softdevice_handler.o(.data)
    m_ble_evt_handler                        0x200020e8   Data           4  softdevice_handler.o(.data)
    m_sys_evt_handler                        0x200020ec   Data           4  softdevice_handler.o(.data)
    .data                                    0x200020f0   Section       40  app_timer.o(.data)
    m_node_array_size                        0x200020f0   Data           1  app_timer.o(.data)
    mp_nodes                                 0x200020f4   Data           4  app_timer.o(.data)
    m_user_array_size                        0x200020f8   Data           1  app_timer.o(.data)
    mp_users                                 0x200020fc   Data           4  app_timer.o(.data)
    m_timer_id_head                          0x20002100   Data           4  app_timer.o(.data)
    m_ticks_latest                           0x20002104   Data           4  app_timer.o(.data)
    m_ticks_elapsed                          0x20002108   Data           8  app_timer.o(.data)
    m_ticks_elapsed_q_read_ind               0x20002110   Data           1  app_timer.o(.data)
    m_ticks_elapsed_q_write_ind              0x20002111   Data           1  app_timer.o(.data)
    m_evt_schedule_func                      0x20002114   Data           4  app_timer.o(.data)
    .bss                                     0x20002118   Section      668  ble.o(.bss)
    APP_TIMER_BUF                            0x20002118   Data         536  ble.o(.bss)
    m_auth_status                            0x20002330   Data          50  ble.o(.bss)
    EVT_BUFFER                               0x20002364   Data          80  ble.o(.bss)
    .bss                                     0x200023b4   Section      126  mainwork.o(.bss)
    .bss                                     0x20002434   Section       28  blehandle.o(.bss)
    .bss                                     0x20002450   Section       28  ble_conn_params.o(.bss)
    m_conn_params_config                     0x20002450   Data          28  ble_conn_params.o(.bss)
    .bss                                     0x2000246c   Section       96  libspace.o(.bss)
    HEAP                                     0x200024d0   Section     2048  arm_startup_nrf51.o(HEAP)
    Heap_Mem                                 0x200024d0   Data        2048  arm_startup_nrf51.o(HEAP)
    STACK                                    0x20002cd0   Section     2048  arm_startup_nrf51.o(STACK)
    Stack_Mem                                0x20002cd0   Data        2048  arm_startup_nrf51.o(STACK)
    __initial_sp                             0x200034d0   Data           0  arm_startup_nrf51.o(STACK)

    Global Symbols

    Symbol Name                              Value     Ov Type        Size  Object(Section)

    BuildAttributes$$THM_ISAv3M$S$PE$A:L22$X:L11$S22$IEEE1$IW$USESV6$~STKCKD$USESV7$ENUMINT$~SHL$OSPACE$ROPI$EBA8$UX$STANDARDLIB$REQ8$PRES8$EABIv2 0x00000000   Number         0  anon$$obj.o ABSOLUTE
    __ARM_use_no_argv                        0x00000000   Number         0  main.o ABSOLUTE
    __ARM_exceptions_init                     - Undefined Weak Reference
    __alloca_initialize                       - Undefined Weak Reference
    __cpp_initialize__aeabi_                  - Undefined Weak Reference
    __cxa_finalize                            - Undefined Weak Reference
    __rt_locale                               - Undefined Weak Reference
    __sigvec_lookup                           - Undefined Weak Reference
    _atexit_init                              - Undefined Weak Reference
    _call_atexit_fns                          - Undefined Weak Reference
    _clock_init                               - Undefined Weak Reference
    _fp_trap_init                             - Undefined Weak Reference
    _fp_trap_shutdown                         - Undefined Weak Reference
    _get_lc_collate                           - Undefined Weak Reference
    _get_lc_ctype                             - Undefined Weak Reference
    _get_lc_monetary                          - Undefined Weak Reference
    _get_lc_numeric                           - Undefined Weak Reference
    _get_lc_time                              - Undefined Weak Reference
    _getenv_init                              - Undefined Weak Reference
    _handle_redirection                       - Undefined Weak Reference
    _init_alloc                               - Undefined Weak Reference
    _init_user_alloc                          - Undefined Weak Reference
    _initio                                   - Undefined Weak Reference
    _rand_init                                - Undefined Weak Reference
    _signal_finish                            - Undefined Weak Reference
    _signal_init                              - Undefined Weak Reference
    _terminate_alloc                          - Undefined Weak Reference
    _terminate_user_alloc                     - Undefined Weak Reference
    _terminateio                              - Undefined Weak Reference
    __Vectors_Size                           0x000000c0   Number         0  arm_startup_nrf51.o ABSOLUTE
    __Vectors                                0x00014000   Data           4  arm_startup_nrf51.o(RESET)
    __Vectors_End                            0x000140c0   Data           0  arm_startup_nrf51.o(RESET)
    __main                                   0x000140c1   Thumb Code     8  __main.o(!!!main)
    __scatterload                            0x000140c9   Thumb Code     0  __scatter.o(!!!scatter)
    __scatterload_rt2                        0x000140c9   Thumb Code    52  __scatter.o(!!!scatter)
    __scatterload_rt2_thumb_only             0x000140c9   Thumb Code     0  __scatter.o(!!!scatter)
    __scatterload_null                       0x000140d9   Thumb Code     0  __scatter.o(!!!scatter)
    __scatterload_copy                       0x00014105   Thumb Code    26  __scatter_copy.o(!!handler_copy)
    __scatterload_zeroinit                   0x00014121   Thumb Code    28  __scatter_zi.o(!!handler_zi)
    __rt_lib_init                            0x0001413d   Thumb Code     0  libinit.o(.ARM.Collect$$libinit$$00000000)
    __rt_lib_init_fp_1                       0x0001413f   Thumb Code     0  libinit2.o(.ARM.Collect$$libinit$$00000001)
    __rt_lib_init_alloca_1                   0x00014143   Thumb Code     0  libinit2.o(.ARM.Collect$$libinit$$0000002C)
    __rt_lib_init_argv_1                     0x00014143   Thumb Code     0  libinit2.o(.ARM.Collect$$libinit$$0000002A)
    __rt_lib_init_atexit_1                   0x00014143   Thumb Code     0  libinit2.o(.ARM.Collect$$libinit$$00000019)
    __rt_lib_init_clock_1                    0x00014143   Thumb Code     0  libinit2.o(.ARM.Collect$$libinit$$0000001F)
    __rt_lib_init_cpp_1                      0x00014143   Thumb Code     0  libinit2.o(.ARM.Collect$$libinit$$00000030)
    __rt_lib_init_exceptions_1               0x00014143   Thumb Code     0  libinit2.o(.ARM.Collect$$libinit$$0000002E)
    __rt_lib_init_fp_trap_1                  0x00014143   Thumb Code     0  libinit2.o(.ARM.Collect$$libinit$$0000001D)
    __rt_lib_init_getenv_1                   0x00014143   Thumb Code     0  libinit2.o(.ARM.Collect$$libinit$$00000021)
    __rt_lib_init_heap_1                     0x00014143   Thumb Code     0  libinit2.o(.ARM.Collect$$libinit$$00000008)
    __rt_lib_init_lc_collate_1               0x00014143   Thumb Code     0  libinit2.o(.ARM.Collect$$libinit$$0000000F)
    __rt_lib_init_lc_ctype_1                 0x00014143   Thumb Code     0  libinit2.o(.ARM.Collect$$libinit$$00000011)
    __rt_lib_init_lc_monetary_1              0x00014143   Thumb Code     0  libinit2.o(.ARM.Collect$$libinit$$00000013)
    __rt_lib_init_lc_numeric_1               0x00014143   Thumb Code     0  libinit2.o(.ARM.Collect$$libinit$$00000015)
    __rt_lib_init_lc_time_1                  0x00014143   Thumb Code     0  libinit2.o(.ARM.Collect$$libinit$$00000017)
    __rt_lib_init_rand_1                     0x00014143   Thumb Code     0  libinit2.o(.ARM.Collect$$libinit$$0000000C)
    __rt_lib_init_return                     0x00014143   Thumb Code     0  libinit2.o(.ARM.Collect$$libinit$$00000031)
    __rt_lib_init_signal_1                   0x00014143   Thumb Code     0  libinit2.o(.ARM.Collect$$libinit$$0000001B)
    __rt_lib_init_stdio_1                    0x00014143   Thumb Code     0  libinit2.o(.ARM.Collect$$libinit$$00000023)
    __rt_lib_init_user_alloc_1               0x00014143   Thumb Code     0  libinit2.o(.ARM.Collect$$libinit$$0000000A)
    __rt_lib_shutdown                        0x00014145   Thumb Code     0  libshutdown.o(.ARM.Collect$$libshutdown$$00000000)
    __rt_lib_shutdown_fp_trap_1              0x00014147   Thumb Code     0  libshutdown2.o(.ARM.Collect$$libshutdown$$00000006)
    __rt_lib_shutdown_heap_1                 0x00014147   Thumb Code     0  libshutdown2.o(.ARM.Collect$$libshutdown$$0000000E)
    __rt_lib_shutdown_return                 0x00014147   Thumb Code     0  libshutdown2.o(.ARM.Collect$$libshutdown$$0000000F)
    __rt_lib_shutdown_signal_1               0x00014147   Thumb Code     0  libshutdown2.o(.ARM.Collect$$libshutdown$$00000009)
    __rt_lib_shutdown_stdio_1                0x00014147   Thumb Code     0  libshutdown2.o(.ARM.Collect$$libshutdown$$00000003)
    __rt_lib_shutdown_user_alloc_1           0x00014147   Thumb Code     0  libshutdown2.o(.ARM.Collect$$libshutdown$$0000000B)
    __rt_entry                               0x00014149   Thumb Code     0  rtentry.o(.ARM.Collect$$rtentry$$00000000)
    __rt_entry_presh_1                       0x00014149   Thumb Code     0  rtentry2.o(.ARM.Collect$$rtentry$$00000002)
    __rt_entry_sh                            0x00014149   Thumb Code     0  rtentry4.o(.ARM.Collect$$rtentry$$00000004)
    __rt_entry_li                            0x0001414f   Thumb Code     0  rtentry2.o(.ARM.Collect$$rtentry$$0000000A)
    __rt_entry_postsh_1                      0x0001414f   Thumb Code     0  rtentry2.o(.ARM.Collect$$rtentry$$00000009)
    __rt_entry_main                          0x00014153   Thumb Code     0  rtentry2.o(.ARM.Collect$$rtentry$$0000000D)
    __rt_entry_postli_1                      0x00014153   Thumb Code     0  rtentry2.o(.ARM.Collect$$rtentry$$0000000C)
    __rt_exit                                0x0001415b   Thumb Code     0  rtexit.o(.ARM.Collect$$rtexit$$00000000)
    __rt_exit_ls                             0x0001415d   Thumb Code     0  rtexit2.o(.ARM.Collect$$rtexit$$00000003)
    __rt_exit_prels_1                        0x0001415d   Thumb Code     0  rtexit2.o(.ARM.Collect$$rtexit$$00000002)
    __rt_exit_exit                           0x00014161   Thumb Code     0  rtexit2.o(.ARM.Collect$$rtexit$$00000004)
    __asm___6_main_c_main__nrf_delay_us      0x00014169   Thumb Code    30  main.o(.emb_text)
    __asm___5_KEY_c_KEY_Init__nrf_delay_us   0x00014189   Thumb Code    30  key.o(.emb_text)
    __asm___5_BLE_c_2001d6aa__nrf_delay_us   0x000141a9   Thumb Code    30  ble.o(.emb_text)
    __asm___10_MainWork_c_474190e2__nrf_delay_us 0x000141c9   Thumb Code    30  mainwork.o(.emb_text)
    __asm___9_ADS1248_c_c88e4c8d__nrf_delay_us 0x000141e9   Thumb Code    30  ads1248.o(.emb_text)
    __asm___13_simple_uart_c_5dda6715__nrf_delay_us 0x00014209   Thumb Code    30  simple_uart.o(.emb_text)
    __asm___11_app_timer_c_cd27f9c3__nrf_delay_us 0x00014229   Thumb Code    30  app_timer.o(.emb_text)
    __aeabi_memcpy4                          0x00014249   Thumb Code    56  rt_memcpy.o(.emb_text)
    __aeabi_memcpy8                          0x00014249   Thumb Code     0  rt_memcpy.o(.emb_text)
    Reset_Handler                            0x00014281   Thumb Code    18  arm_startup_nrf51.o(.text)
    NMI_Handler                              0x00014293   Thumb Code     2  arm_startup_nrf51.o(.text)
    HardFault_Handler                        0x00014295   Thumb Code     2  arm_startup_nrf51.o(.text)
    SVC_Handler                              0x00014297   Thumb Code     2  arm_startup_nrf51.o(.text)
    PendSV_Handler                           0x00014299   Thumb Code     2  arm_startup_nrf51.o(.text)
    SysTick_Handler                          0x0001429b   Thumb Code     2  arm_startup_nrf51.o(.text)
    ADC_IRQHandler                           0x0001429d   Thumb Code     0  arm_startup_nrf51.o(.text)
    CCM_AAR_IRQHandler                       0x0001429d   Thumb Code     0  arm_startup_nrf51.o(.text)
    ECB_IRQHandler                           0x0001429d   Thumb Code     0  arm_startup_nrf51.o(.text)
    GPIOTE_IRQHandler                        0x0001429d   Thumb Code     0  arm_startup_nrf51.o(.text)
    LPCOMP_IRQHandler                        0x0001429d   Thumb Code     0  arm_startup_nrf51.o(.text)
    POWER_CLOCK_IRQHandler                   0x0001429d   Thumb Code     0  arm_startup_nrf51.o(.text)
    QDEC_IRQHandler                          0x0001429d   Thumb Code     0  arm_startup_nrf51.o(.text)
    RADIO_IRQHandler                         0x0001429d   Thumb Code     0  arm_startup_nrf51.o(.text)
    RNG_IRQHandler                           0x0001429d   Thumb Code     0  arm_startup_nrf51.o(.text)
    SPI0_TWI0_IRQHandler                     0x0001429d   Thumb Code     0  arm_startup_nrf51.o(.text)
    SPI1_TWI1_IRQHandler                     0x0001429d   Thumb Code     0  arm_startup_nrf51.o(.text)
    SWI1_IRQHandler                          0x0001429d   Thumb Code     0  arm_startup_nrf51.o(.text)
    SWI3_IRQHandler                          0x0001429d   Thumb Code     0  arm_startup_nrf51.o(.text)
    SWI4_IRQHandler                          0x0001429d   Thumb Code     0  arm_startup_nrf51.o(.text)
    SWI5_IRQHandler                          0x0001429d   Thumb Code     0  arm_startup_nrf51.o(.text)
    TEMP_IRQHandler                          0x0001429d   Thumb Code     0  arm_startup_nrf51.o(.text)
    TIMER0_IRQHandler                        0x0001429d   Thumb Code     0  arm_startup_nrf51.o(.text)
    TIMER2_IRQHandler                        0x0001429d   Thumb Code     0  arm_startup_nrf51.o(.text)
    WDT_IRQHandler                           0x0001429d   Thumb Code     0  arm_startup_nrf51.o(.text)
    __user_initial_stackheap                 0x000142a1   Thumb Code     0  arm_startup_nrf51.o(.text)
    SystemCoreClockUpdate                    0x000142c9   Thumb Code     8  system_nrf51.o(.text)
    SystemInit                               0x0001436d   Thumb Code    38  system_nrf51.o(.text)
    main                                     0x000143b1   Thumb Code   218  main.o(.text)
    LED_Init                                 0x000144c1   Thumb Code    36  led.o(.text)
    LED_ON                                   0x000144e5   Thumb Code    14  led.o(.text)
    LED_OFF                                  0x000144f3   Thumb Code    14  led.o(.text)
    nrf_adc_init                             0x00014505   Thumb Code    66  adc.o(.text)
    nrf_adc_init_vbat                        0x00014547   Thumb Code    12  adc.o(.text)
    nrf_adc_read                             0x00014553   Thumb Code    28  adc.o(.text)
    nrf_adc_read_vbat_f                      0x0001456f   Thumb Code    40  adc.o(.text)
    nrf_adc_read_vbat_mv                     0x00014597   Thumb Code    16  adc.o(.text)
    ADC_Init                                 0x000145a7   Thumb Code    24  adc.o(.text)
    ADC_convert                              0x000145bf   Thumb Code    14  adc.o(.text)
    adc_read_bat                             0x000145cd   Thumb Code    20  adc.o(.text)
    adc_read_usb                             0x000145e1   Thumb Code    20  adc.o(.text)
    KEY_Init                                 0x0001469d   Thumb Code    30  key.o(.text)
    KEY1_Manger                              0x000146bb   Thumb Code   230  key.o(.text)
    RTC0_IRQHandler                          0x0001487b   Thumb Code     2  rtc0.o(.text)
    RTC0_Init                                0x0001487d   Thumb Code    22  rtc0.o(.text)
    spi_master_init                          0x000148c5   Thumb Code   248  spi_master.o(.text)
    spi_master_tx_rx                         0x000149bd   Thumb Code   128  spi_master.o(.text)
    TIMER1_IRQHandler                        0x00014a79   Thumb Code   152  timer.o(.text)
    timer1_init                              0x00014b11   Thumb Code    48  timer.o(.text)
    TIMER1_Enable                            0x00014b41   Thumb Code    16  timer.o(.text)
    app_error_handler                        0x00014b9d   Thumb Code    22  ble.o(.text)
    assert_nrf_callback                      0x00014bb3   Thumb Code    14  ble.o(.text)
    leds_init                                0x00014bc1   Thumb Code    16  ble.o(.text)
    timers_init                              0x00014bd1   Thumb Code    46  ble.o(.text)
    gap_params_init                          0x00014bff   Thumb Code   118  ble.o(.text)
    advertising_init                         0x00014c75   Thumb Code   102  ble.o(.text)
    nus_data_handler                         0x00014cdb   Thumb Code    20  ble.o(.text)
    services_init                            0x00014cef   Thumb Code    44  ble.o(.text)
    sec_params_init                          0x00014d1b   Thumb Code    66  ble.o(.text)
    on_conn_params_evt                       0x00014d5d   Thumb Code    44  ble.o(.text)
    conn_params_error_handler                0x00014d89   Thumb Code    16  ble.o(.text)
    conn_params_init                         0x00014d99   Thumb Code    82  ble.o(.text)
    advertising_start                        0x00014deb   Thumb Code    52  ble.o(.text)
    on_ble_evt                               0x00014e1f   Thumb Code   554  ble.o(.text)
    ble_evt_dispatch                         0x00015049   Thumb Code    26  ble.o(.text)
    ble_stack_init                           0x00015063   Thumb Code    78  ble.o(.text)
    buttons_init                             0x000150b1   Thumb Code    14  ble.o(.text)
    power_manage                             0x000150bf   Thumb Code    32  ble.o(.text)
    uart_init                                0x000150df   Thumb Code     2  ble.o(.text)
    UART0_IRQHandler                         0x000150e1   Thumb Code     2  ble.o(.text)
    ClearWdt                                 0x00015125   Thumb Code     8  mainwork.o(.text)
    MainWork                                 0x0001512d   Thumb Code  1686  mainwork.o(.text)
    BLE_data_handler                         0x00015845   Thumb Code   856  blehandle.o(.text)
    ADS1248WCMD                              0x00015c29   Thumb Code    26  ads1248.o(.text)
    ADS1248WREG                              0x00015c43   Thumb Code    64  ads1248.o(.text)
    ADS1248RREG                              0x00015c83   Thumb Code    70  ads1248.o(.text)
    ADS1248RRDATA                            0x00015cc9   Thumb Code   126  ads1248.o(.text)
    InitADS1248                              0x00015d47   Thumb Code   182  ads1248.o(.text)
    ADS                                      0x00015dfd   Thumb Code   206  ads1248.o(.text)
    AD_Sleep                                 0x00015ecb   Thumb Code    14  ads1248.o(.text)
    AD_Wakeup                                0x00015ed9   Thumb Code    14  ads1248.o(.text)
    AD_Reset                                 0x00015ee7   Thumb Code    14  ads1248.o(.text)
    Flash_Get_Byte                           0x00015f77   Thumb Code    28  flash.o(.text)
    Flash_Send_Byte                          0x00015f93   Thumb Code    26  flash.o(.text)
    MX25_CheckStatusBusy                     0x00015fad   Thumb Code    56  flash.o(.text)
    FLASH_WR_Enable                          0x00015fe5   Thumb Code    68  flash.o(.text)
    MX25_RD                                  0x00016029   Thumb Code   114  flash.o(.text)
    MX25_WR                                  0x0001609b   Thumb Code   146  flash.o(.text)
    MX25_EraseSector                         0x0001612d   Thumb Code   116  flash.o(.text)
    MX25_EraseBlock                          0x000161a1   Thumb Code   110  flash.o(.text)
    MX25_EraseFlash                          0x0001620f   Thumb Code    68  flash.o(.text)
    MX25_Erase_Sec1ToSec2                    0x00016253   Thumb Code   524  flash.o(.text)
    Flash_init                               0x0001645f   Thumb Code   244  flash.o(.text)
    Write_ADdata                             0x00016553   Thumb Code   122  flash.o(.text)
    Read_ADdata                              0x000165cd   Thumb Code   202  flash.o(.text)
    Write_Header                             0x00016697   Thumb Code   106  flash.o(.text)
    Read_Header                              0x00016701   Thumb Code    68  flash.o(.text)
    Flash_Sleep                              0x00016745   Thumb Code    30  flash.o(.text)
    Flash_Wakeup                             0x00016763   Thumb Code    30  flash.o(.text)
    ble_nus_on_ble_evt                       0x00016a11   Thumb Code    70  ble_nus.o(.text)
    ble_nus_init                             0x00016a57   Thumb Code   128  ble_nus.o(.text)
    ble_nus_send_string                      0x00016ad7   Thumb Code    84  ble_nus.o(.text)
    ble_advdata_set                          0x000170a7   Thumb Code   122  ble_advdata.o(.text)
    ble_conn_params_init                     0x000171df   Thumb Code    90  ble_conn_params.o(.text)
    ble_conn_params_stop                     0x00017239   Thumb Code    12  ble_conn_params.o(.text)
    ble_conn_params_on_ble_evt               0x00017387   Thumb Code    62  ble_conn_params.o(.text)
    ble_conn_params_change_conn_params       0x000173c5   Thumb Code    86  ble_conn_params.o(.text)
    softdevice_assertion_handler             0x00017441   Thumb Code    18  softdevice_handler.o(.text)
    intern_softdevice_events_execute         0x00017453   Thumb Code   168  softdevice_handler.o(.text)
    softdevice_handler_init                  0x000174fb   Thumb Code    84  softdevice_handler.o(.text)
    softdevice_handler_sd_disable            0x0001754f   Thumb Code    24  softdevice_handler.o(.text)
    softdevice_ble_evt_handler_set           0x00017567   Thumb Code    18  softdevice_handler.o(.text)
    softdevice_sys_evt_handler_set           0x00017579   Thumb Code    18  softdevice_handler.o(.text)
    SWI2_IRQHandler                          0x0001758b   Thumb Code    52  softdevice_handler.o(.text)
    simple_uart_get                          0x00017615   Thumb Code    24  simple_uart.o(.text)
    simple_uart_get_with_timeout             0x0001762d   Thumb Code    62  simple_uart.o(.text)
    simple_uart_put                          0x0001766b   Thumb Code    22  simple_uart.o(.text)
    simple_uart_putstring                    0x00017681   Thumb Code    32  simple_uart.o(.text)
    simple_uart_config                       0x000176a1   Thumb Code    90  simple_uart.o(.text)
    RTC1_IRQHandler                          0x00017edb   Thumb Code    46  app_timer.o(.text)
    SWI0_IRQHandler                          0x00017f09   Thumb Code     8  app_timer.o(.text)
    app_timer_init                           0x00017f11   Thumb Code   254  app_timer.o(.text)
    app_timer_create                         0x0001800f   Thumb Code   108  app_timer.o(.text)
    app_timer_start                          0x0001809d   Thumb Code    98  app_timer.o(.text)
    app_timer_stop                           0x000180ff   Thumb Code    60  app_timer.o(.text)
    app_timer_stop_all                       0x0001813b   Thumb Code    26  app_timer.o(.text)
    app_timer_cnt_get                        0x00018155   Thumb Code    14  app_timer.o(.text)
    app_timer_cnt_diff_compute               0x00018163   Thumb Code    22  app_timer.o(.text)
    __aeabi_memcpy                           0x00018235   Thumb Code   130  rt_memcpy.o(.text)
    __rt_memcpy                              0x00018235   Thumb Code     0  rt_memcpy.o(.text)
    _memset_w                                0x000182b7   Thumb Code    26  rt_memclr.o(.text)
    _memset                                  0x000182d1   Thumb Code    30  rt_memclr.o(.text)
    __aeabi_memclr                           0x000182ef   Thumb Code     4  rt_memclr.o(.text)
    __rt_memclr                              0x000182ef   Thumb Code     0  rt_memclr.o(.text)
    __aeabi_memclr4                          0x000182f3   Thumb Code     0  rt_memclr.o(.text)
    __aeabi_memclr8                          0x000182f3   Thumb Code     0  rt_memclr.o(.text)
    __rt_memclr_w                            0x000182f3   Thumb Code     4  rt_memclr.o(.text)
    __aeabi_uidiv                            0x000182f7   Thumb Code     0  aeabi_sdiv.o(.text)
    __aeabi_uidivmod                         0x000182f7   Thumb Code    20  aeabi_sdiv.o(.text)
    __aeabi_idiv                             0x0001830b   Thumb Code     0  aeabi_sdiv.o(.text)
    __aeabi_idivmod                          0x0001830b   Thumb Code   326  aeabi_sdiv.o(.text)
    __use_two_region_memory                  0x00018451   Thumb Code     2  heapauxi.o(.text)
    __rt_heap_escrow$2region                 0x00018453   Thumb Code     2  heapauxi.o(.text)
    __rt_heap_expand$2region                 0x00018455   Thumb Code     2  heapauxi.o(.text)
    __aeabi_fdiv                             0x00018459   Thumb Code     0  fdiv.o(.text)
    _fdiv                                    0x00018459   Thumb Code   336  fdiv.o(.text)
    _frdiv                                   0x000185a9   Thumb Code     8  fdiv.o(.text)
    __aeabi_i2f_normalise                    0x000185b9   Thumb Code    72  fflti.o(.text)
    __aeabi_i2f                              0x00018601   Thumb Code    16  fflti.o(.text)
    _fflt                                    0x00018601   Thumb Code     0  fflti.o(.text)
    __aeabi_ui2f                             0x00018611   Thumb Code     6  fflti.o(.text)
    _ffltu                                   0x00018611   Thumb Code     0  fflti.o(.text)
    __user_setup_stackheap                   0x00018617   Thumb Code    62  sys_stackheap_outer.o(.text)
    exit                                     0x00018655   Thumb Code    12  exit.o(.text)
    __user_libspace                          0x00018661   Thumb Code     8  libspace.o(.text)
    __user_perproc_libspace                  0x00018661   Thumb Code     0  libspace.o(.text)
    __user_perthread_libspace                0x00018661   Thumb Code     0  libspace.o(.text)
    _sys_exit                                0x00018669   Thumb Code     8  sys_exit.o(.text)
    __I$use$semihosting                      0x00018675   Thumb Code     0  use_no_semi.o(.text)
    __use_no_semihosting_swi                 0x00018675   Thumb Code     2  use_no_semi.o(.text)
    __semihosting_library_function           0x00018677   Thumb Code     0  indicate_semi.o(.text)
    __aeabi_fmul                             0x00018679   Thumb Code     0  fmul.o(x$fpl$fmul)
    _fmul                                    0x00018679   Thumb Code   172  fmul.o(x$fpl$fmul)
    __I$use$fp                               0x00018728   Number         0  usenofp.o(x$fpl$usenofp)
    Region$$Table$$Base                      0x0001877c   Number         0  anon$$obj.o(Region$$Table)
    Region$$Table$$Limit                     0x0001879c   Number         0  anon$$obj.o(Region$$Table)
    SystemCoreClock                          0x20002000   Data           4  system_nrf51.o(.data)
    Flash_SPI                                0x20002004   Data           4  main.o(.data)
    ADS1248_SPI                              0x20002008   Data           4  main.o(.data)
    timer_50ms_tick                          0x20002010   Data           1  timer.o(.data)
    timer_1ms_tick                           0x20002011   Data           1  timer.o(.data)
    pumpflag                                 0x20002012   Data           1  timer.o(.data)
    valveflag                                0x20002013   Data           1  timer.o(.data)
    timeouttick                              0x20002020   Data           4  ble.o(.data)
    Timer_KEY                                0x20002024   Data           4  mainwork.o(.data)
    Timer_LED                                0x20002028   Data           4  mainwork.o(.data)
    Key_Count                                0x2000202c   Data           4  mainwork.o(.data)
    Long_press                               0x20002030   Data           4  mainwork.o(.data)
    startBLE                                 0x20002034   Data           4  mainwork.o(.data)
    enableBLE                                0x20002038   Data           4  mainwork.o(.data)
    p_nus                                    0x2000203c   Data           4  mainwork.o(.data)
    p_data                                   0x20002040   Data           4  mainwork.o(.data)
    length                                   0x20002044   Data           2  mainwork.o(.data)
    SendFlag                                 0x20002046   Data           1  mainwork.o(.data)
    ADFlag                                   0x20002047   Data           1  mainwork.o(.data)
    EraseFlag                                0x20002048   Data           1  mainwork.o(.data)
    FindFlag                                 0x20002049   Data           1  mainwork.o(.data)
    StopFlag                                 0x2000204a   Data           1  mainwork.o(.data)
    BLE_flag                                 0x2000204b   Data           1  mainwork.o(.data)
    SN1                                      0x2000204c   Data           1  mainwork.o(.data)
    SN2                                      0x2000204d   Data           1  mainwork.o(.data)
    Find_i                                   0x20002050   Data           4  mainwork.o(.data)
    RxData                                   0x20002054   Data          10  mainwork.o(.data)
    AD_LED                                   0x20002060   Data           4  mainwork.o(.data)
    bts_get                                  0x20002064   Data           4  mainwork.o(.data)
    ADbuff_i                                 0x20002068   Data           4  mainwork.o(.data)
    ADall                                    0x2000206c   Data           4  mainwork.o(.data)
    AD_A                                     0x20002070   Data           4  mainwork.o(.data)
    AD_dA                                    0x20002074   Data           4  mainwork.o(.data)
    ADdel                                    0x20002078   Data           1  mainwork.o(.data)
    ADtimeout                                0x2000207c   Data           4  mainwork.o(.data)
    wr_header                                0x20002080   Data           8  mainwork.o(.data)
    g_uiWdtCnt                               0x20002088   Data           4  mainwork.o(.data)
    valve_i                                  0x2000208c   Data           4  mainwork.o(.data)
    noBat                                    0x20002090   Data           4  mainwork.o(.data)
    noBattimeout                             0x20002094   Data           4  mainwork.o(.data)
    bts_test                                 0x2000209c   Data           4  blehandle.o(.data)
    Send_i                                   0x200020a0   Data           4  blehandle.o(.data)
    AD_i                                     0x200020a4   Data           4  blehandle.o(.data)
    isUSB                                    0x200020a8   Data           4  blehandle.o(.data)
    isFULL                                   0x200020ac   Data           4  blehandle.o(.data)
    isvalve                                  0x200020b0   Data           1  blehandle.o(.data)
    isRec                                    0x200020b1   Data           1  blehandle.o(.data)
    isRec2                                   0x200020b2   Data           1  blehandle.o(.data)
    Write_Ptr                                0x200020b4   Data           4  flash.o(.data)
    Read_Ptr                                 0x200020b8   Data           4  flash.o(.data)
    Write_PATIENT_NO                         0x200020bc   Data           1  flash.o(.data)
    Read_PATIENT_NO                          0x200020bd   Data           1  flash.o(.data)
    Write_Protection                         0x200020be   Data           1  flash.o(.data)
    readdata                                 0x200023b4   Data          16  mainwork.o(.bss)
    ADbuff                                   0x200023c4   Data         100  mainwork.o(.bss)
    ADbase                                   0x20002428   Data          10  mainwork.o(.bss)
    m_nus                                    0x20002434   Data          28  blehandle.o(.bss)
    __libspace_start                         0x2000246c   Data          96  libspace.o(.bss)
    __temporary_stack_top$libspace           0x200024cc   Data           0  libspace.o(.bss)



==============================================================================

Memory Map of the image

  Image Entry point : 0x000140c1

  Load Region LR_IROM1 (Base: 0x00014000, Size: 0x000048b4, Max: 0x0002b000, ABSOLUTE)

    Execution Region ER_IROM1 (Base: 0x00014000, Size: 0x0000479c, Max: 0x0002b000, ABSOLUTE)

    Base Addr    Size         Type   Attr      Idx    E Section Name        Object

    0x00014000   0x000000c0   Data   RO            3    RESET               arm_startup_nrf51.o
    0x000140c0   0x00000008   Code   RO         1280  * !!!main             c_p.l(__main.o)
    0x000140c8   0x0000003c   Code   RO         1454    !!!scatter          c_p.l(__scatter.o)
    0x00014104   0x0000001a   Code   RO         1456    !!handler_copy      c_p.l(__scatter_copy.o)
    0x0001411e   0x00000002   PAD
    0x00014120   0x0000001c   Code   RO         1458    !!handler_zi        c_p.l(__scatter_zi.o)
    0x0001413c   0x00000002   Code   RO         1326    .ARM.Collect$$libinit$$00000000  c_p.l(libinit.o)
    0x0001413e   0x00000004   Code   RO         1339    .ARM.Collect$$libinit$$00000001  c_p.l(libinit2.o)
    0x00014142   0x00000000   Code   RO         1343    .ARM.Collect$$libinit$$00000008  c_p.l(libinit2.o)
    0x00014142   0x00000000   Code   RO         1345    .ARM.Collect$$libinit$$0000000A  c_p.l(libinit2.o)
    0x00014142   0x00000000   Code   RO         1347    .ARM.Collect$$libinit$$0000000C  c_p.l(libinit2.o)
    0x00014142   0x00000000   Code   RO         1350    .ARM.Collect$$libinit$$0000000F  c_p.l(libinit2.o)
    0x00014142   0x00000000   Code   RO         1352    .ARM.Collect$$libinit$$00000011  c_p.l(libinit2.o)
    0x00014142   0x00000000   Code   RO         1354    .ARM.Collect$$libinit$$00000013  c_p.l(libinit2.o)
    0x00014142   0x00000000   Code   RO         1356    .ARM.Collect$$libinit$$00000015  c_p.l(libinit2.o)
    0x00014142   0x00000000   Code   RO         1358    .ARM.Collect$$libinit$$00000017  c_p.l(libinit2.o)
    0x00014142   0x00000000   Code   RO         1360    .ARM.Collect$$libinit$$00000019  c_p.l(libinit2.o)
    0x00014142   0x00000000   Code   RO         1362    .ARM.Collect$$libinit$$0000001B  c_p.l(libinit2.o)
    0x00014142   0x00000000   Code   RO         1364    .ARM.Collect$$libinit$$0000001D  c_p.l(libinit2.o)
    0x00014142   0x00000000   Code   RO         1366    .ARM.Collect$$libinit$$0000001F  c_p.l(libinit2.o)
    0x00014142   0x00000000   Code   RO         1368    .ARM.Collect$$libinit$$00000021  c_p.l(libinit2.o)
    0x00014142   0x00000000   Code   RO         1370    .ARM.Collect$$libinit$$00000023  c_p.l(libinit2.o)
    0x00014142   0x00000000   Code   RO         1374    .ARM.Collect$$libinit$$0000002A  c_p.l(libinit2.o)
    0x00014142   0x00000000   Code   RO         1376    .ARM.Collect$$libinit$$0000002C  c_p.l(libinit2.o)
    0x00014142   0x00000000   Code   RO         1378    .ARM.Collect$$libinit$$0000002E  c_p.l(libinit2.o)
    0x00014142   0x00000000   Code   RO         1380    .ARM.Collect$$libinit$$00000030  c_p.l(libinit2.o)
    0x00014142   0x00000002   Code   RO         1381    .ARM.Collect$$libinit$$00000031  c_p.l(libinit2.o)
    0x00014144   0x00000002   Code   RO         1412    .ARM.Collect$$libshutdown$$00000000  c_p.l(libshutdown.o)
    0x00014146   0x00000000   Code   RO         1439    .ARM.Collect$$libshutdown$$00000003  c_p.l(libshutdown2.o)
    0x00014146   0x00000000   Code   RO         1442    .ARM.Collect$$libshutdown$$00000006  c_p.l(libshutdown2.o)
    0x00014146   0x00000000   Code   RO         1445    .ARM.Collect$$libshutdown$$00000009  c_p.l(libshutdown2.o)
    0x00014146   0x00000000   Code   RO         1447    .ARM.Collect$$libshutdown$$0000000B  c_p.l(libshutdown2.o)
    0x00014146   0x00000000   Code   RO         1450    .ARM.Collect$$libshutdown$$0000000E  c_p.l(libshutdown2.o)
    0x00014146   0x00000002   Code   RO         1451    .ARM.Collect$$libshutdown$$0000000F  c_p.l(libshutdown2.o)
    0x00014148   0x00000000   Code   RO         1289    .ARM.Collect$$rtentry$$00000000  c_p.l(rtentry.o)
    0x00014148   0x00000000   Code   RO         1296    .ARM.Collect$$rtentry$$00000002  c_p.l(rtentry2.o)
    0x00014148   0x00000006   Code   RO         1308    .ARM.Collect$$rtentry$$00000004  c_p.l(rtentry4.o)
    0x0001414e   0x00000000   Code   RO         1298    .ARM.Collect$$rtentry$$00000009  c_p.l(rtentry2.o)
    0x0001414e   0x00000004   Code   RO         1299    .ARM.Collect$$rtentry$$0000000A  c_p.l(rtentry2.o)
    0x00014152   0x00000000   Code   RO         1301    .ARM.Collect$$rtentry$$0000000C  c_p.l(rtentry2.o)
    0x00014152   0x00000008   Code   RO         1302    .ARM.Collect$$rtentry$$0000000D  c_p.l(rtentry2.o)
    0x0001415a   0x00000002   Code   RO         1331    .ARM.Collect$$rtexit$$00000000  c_p.l(rtexit.o)
    0x0001415c   0x00000000   Code   RO         1385    .ARM.Collect$$rtexit$$00000002  c_p.l(rtexit2.o)
    0x0001415c   0x00000004   Code   RO         1386    .ARM.Collect$$rtexit$$00000003  c_p.l(rtexit2.o)
    0x00014160   0x00000006   Code   RO         1387    .ARM.Collect$$rtexit$$00000004  c_p.l(rtexit2.o)
    0x00014166   0x00000002   PAD
    0x00014168   0x0000001e   Code   RO           69    .emb_text           main.o
    0x00014186   0x00000002   PAD
    0x00014188   0x0000001e   Code   RO          446    .emb_text           key.o
    0x000141a6   0x00000002   PAD
    0x000141a8   0x0000001e   Code   RO          621    .emb_text           ble.o
    0x000141c6   0x00000002   PAD
    0x000141c8   0x0000001e   Code   RO          663    .emb_text           mainwork.o
    0x000141e6   0x00000002   PAD
    0x000141e8   0x0000001e   Code   RO          779    .emb_text           ads1248.o
    0x00014206   0x00000002   PAD
    0x00014208   0x0000001e   Code   RO         1118    .emb_text           simple_uart.o
    0x00014226   0x00000002   PAD
    0x00014228   0x0000001e   Code   RO         1151    .emb_text           app_timer.o
    0x00014246   0x00000002   PAD
    0x00014248   0x00000038   Code   RO         1268    .emb_text           c_p.l(rt_memcpy.o)
    0x00014280   0x00000048   Code   RO            4    .text               arm_startup_nrf51.o
    0x000142c8   0x000000e8   Code   RO           12    .text               system_nrf51.o
    0x000143b0   0x00000110   Code   RO           70    .text               main.o
    0x000144c0   0x00000044   Code   RO          253    .text               led.o
    0x00014504   0x00000180   Code   RO          411    .text               adc.o
    0x00014684   0x0000015c   Code   RO          447    .text               key.o
    0x000147e0   0x000000e4   Code   RO          497    .text               rtc0.o
    0x000148c4   0x000001b4   Code   RO          542    .text               spi_master.o
    0x00014a78   0x0000010c   Code   RO          578    .text               timer.o
    0x00014b84   0x000005a0   Code   RO          622    .text               ble.o
    0x00015124   0x00000720   Code   RO          664    .text               mainwork.o
    0x00015844   0x000003e4   Code   RO          739    .text               blehandle.o
    0x00015c28   0x0000032c   Code   RO          780    .text               ads1248.o
    0x00015f54   0x00000858   Code   RO          824    .text               flash.o
    0x000167ac   0x00000388   Code   RO          857    .text               ble_nus.o
    0x00016b34   0x00000604   Code   RO          974    .text               ble_advdata.o
    0x00017138   0x00000308   Code   RO         1003    .text               ble_conn_params.o
    0x00017440   0x000001d4   Code   RO         1045    .text               softdevice_handler.o
    0x00017614   0x0000011c   Code   RO         1119    .text               simple_uart.o
    0x00017730   0x00000b04   Code   RO         1152    .text               app_timer.o
    0x00018234   0x00000082   Code   RO         1269    .text               c_p.l(rt_memcpy.o)
    0x000182b6   0x00000040   Code   RO         1272    .text               c_p.l(rt_memclr.o)
    0x000182f6   0x0000015a   Code   RO         1274    .text               c_p.l(aeabi_sdiv.o)
    0x00018450   0x00000006   Code   RO         1278    .text               c_p.l(heapauxi.o)
    0x00018456   0x00000002   PAD
    0x00018458   0x00000160   Code   RO         1282    .text               fz_ps.l(fdiv.o)
    0x000185b8   0x0000005e   Code   RO         1285    .text               fz_ps.l(fflti.o)
    0x00018616   0x0000003e   Code   RO         1312    .text               c_p.l(sys_stackheap_outer.o)
    0x00018654   0x0000000c   Code   RO         1315    .text               c_p.l(exit.o)
    0x00018660   0x00000008   Code   RO         1327    .text               c_p.l(libspace.o)
    0x00018668   0x0000000c   Code   RO         1382    .text               c_p.l(sys_exit.o)
    0x00018674   0x00000002   Code   RO         1401    .text               c_p.l(use_no_semi.o)
    0x00018676   0x00000000   Code   RO         1403    .text               c_p.l(indicate_semi.o)
    0x00018676   0x00000002   PAD
    0x00018678   0x000000b0   Code   RO         1287    x$fpl$fmul          fz_ps.l(fmul.o)
    0x00018728   0x00000000   Code   RO         1294    x$fpl$usenofp       fz_ps.l(usenofp.o)
    0x00018728   0x00000004   Data   RO          624    .constdata          ble.o
    0x0001872c   0x00000010   Data   RO          858    .constdata          ble_nus.o
    0x0001873c   0x00000040   Data   RO         1283    .constdata          fz_ps.l(fdiv.o)
    0x0001877c   0x00000020   Data   RO         1452    Region$$Table       anon$$obj.o


    Execution Region RW_IRAM1 (Base: 0x20002000, Size: 0x000014d0, Max: 0x00002000, ABSOLUTE)

    Base Addr    Size         Type   Attr      Idx    E Section Name        Object

    0x20002000   0x00000004   Data   RW           13    .data               system_nrf51.o
    0x20002004   0x00000008   Data   RW           71    .data               main.o
    0x2000200c   0x00000004   Data   RW          448    .data               key.o
    0x20002010   0x00000008   Data   RW          579    .data               timer.o
    0x20002018   0x0000000c   Data   RW          625    .data               ble.o
    0x20002024   0x00000078   Data   RW          666    .data               mainwork.o
    0x2000209c   0x00000017   Data   RW          741    .data               blehandle.o
    0x200020b3   0x00000001   PAD
    0x200020b4   0x0000000b   Data   RW          825    .data               flash.o
    0x200020bf   0x00000001   PAD
    0x200020c0   0x00000019   Data   RW         1005    .data               ble_conn_params.o
    0x200020d9   0x00000003   PAD
    0x200020dc   0x00000014   Data   RW         1046    .data               softdevice_handler.o
    0x200020f0   0x00000028   Data   RW         1153    .data               app_timer.o
    0x20002118   0x0000029c   Zero   RW          623    .bss                ble.o
    0x200023b4   0x0000007e   Zero   RW          665    .bss                mainwork.o
    0x20002432   0x00000002   PAD
    0x20002434   0x0000001c   Zero   RW          740    .bss                blehandle.o
    0x20002450   0x0000001c   Zero   RW         1004    .bss                ble_conn_params.o
    0x2000246c   0x00000060   Zero   RW         1328    .bss                c_p.l(libspace.o)
    0x200024cc   0x00000004   PAD
    0x200024d0   0x00000800   Zero   RW            2    HEAP                arm_startup_nrf51.o
    0x20002cd0   0x00000800   Zero   RW            1    STACK               arm_startup_nrf51.o


==============================================================================

Image component sizes


      Code (inc. data)   RO Data    RW Data    ZI Data      Debug   Object Name

       384         34          0          0          0       8590   adc.o
       842         12          0          0          0       6372   ads1248.o
      2850        198          0         40          0      22477   app_timer.o
        72         32        192          0       4096        736   arm_startup_nrf51.o
      1470        108          4         12        668      15244   ble.o
      1540          6          0          0          0      10842   ble_advdata.o
       776         38          0         25         28       7462   ble_conn_params.o
       904         10         16          0          0      37494   ble_nus.o
         0          0          0          0          0      12468   ble_srv_common.o
       996        120          0         23         28       5558   blehandle.o
      2136         36          0         11          0       9766   flash.o
       378         34          0          4          0      10691   key.o
        68          4          0          0          0      21102   led.o
       302         26          0          8          0      57339   main.o
      1854        264          0        120        126       7985   mainwork.o
       228         32          0          0          0       9124   rtc0.o
       314         16          0          0          0       4900   simple_uart.o
       468         86          0         20          0      22564   softdevice_handler.o
       436         12          0          0          0       5031   spi_master.o
       232         30          0          4          0       5605   system_nrf51.o
       268         52          0          8          0       9190   timer.o

    ----------------------------------------------------------------------
     16532       1150        244        280       4948     290540   Object Totals
         0          0         32          0          0          0   (incl. Generated)
        14          0          0          5          2          0   (incl. Padding)

    ----------------------------------------------------------------------

      Code (inc. data)   RO Data    RW Data    ZI Data      Debug   Library Member Name

         8          0          0          0          0         68   __main.o
        60          8          0          0          0          0   __scatter.o
        26          0          0          0          0          0   __scatter_copy.o
        28          0          0          0          0          0   __scatter_zi.o
       346          0          0          0          0         92   aeabi_sdiv.o
        12          0          0          0          0         64   exit.o
         6          0          0          0          0        136   heapauxi.o
         0          0          0          0          0          0   indicate_semi.o
         2          0          0          0          0          0   libinit.o
         6          0          0          0          0          0   libinit2.o
         2          0          0          0          0          0   libshutdown.o
         2          0          0          0          0          0   libshutdown2.o
         8          4          0          0         96         68   libspace.o
        64          0          0          0          0        108   rt_memclr.o
       186          0          0          0          0        144   rt_memcpy.o
         0          0          0          0          0          0   rtentry.o
        12          0          0          0          0          0   rtentry2.o
         6          0          0          0          0          0   rtentry4.o
         2          0          0          0          0          0   rtexit.o
        10          0          0          0          0          0   rtexit2.o
        12          4          0          0          0         60   sys_exit.o
        62          0          0          0          0         80   sys_stackheap_outer.o
         2          0          0          0          0         68   use_no_semi.o
       352          8         64          0          0         88   fdiv.o
        94          0          0          0          0         92   fflti.o
       176          4          0          0          0         80   fmul.o
         0          0          0          0          0          0   usenofp.o

    ----------------------------------------------------------------------
      1492         28         64          0        100       1148   Library Totals
         8          0          0          0          4          0   (incl. Padding)

    ----------------------------------------------------------------------

      Code (inc. data)   RO Data    RW Data    ZI Data      Debug   Library Name

       862         16          0          0         96        888   c_p.l
       622         12         64          0          0        260   fz_ps.l

    ----------------------------------------------------------------------
      1492         28         64          0        100       1148   Library Totals

    ----------------------------------------------------------------------

==============================================================================


      Code (inc. data)   RO Data    RW Data    ZI Data      Debug   

     18024       1178        308        280       5048     289624   Grand Totals
     18024       1178        308        280       5048     289624   ELF Image Totals
     18024       1178        308        280          0          0   ROM Totals

==============================================================================

    Total RO  Size (Code + RO Data)                18332 (  17.90kB)
    Total RW  Size (RW Data + ZI Data)              5328 (   5.20kB)
    Total ROM Size (Code + RO Data + RW Data)      18612 (  18.18kB)

==============================================================================

